Archive member included to satisfy reference by file (symbol)

c:/st/stm32cubeide_1.4.0/stm32cubeide/plugins/com.st.stm32cube.ide.mcu.externaltools.gnu-tools-for-stm32.7-2018-q2-update.win32_1.4.0.202007081208/tools/bin/../lib/gcc/arm-none-eabi/7.3.1/../../../../arm-none-eabi/lib/thumb/v7e-m/fpv4-sp/hard\libc_nano.a(lib_a-errno.o)
                              Core/Src/syscalls.o (__errno)
c:/st/stm32cubeide_1.4.0/stm32cubeide/plugins/com.st.stm32cube.ide.mcu.externaltools.gnu-tools-for-stm32.7-2018-q2-update.win32_1.4.0.202007081208/tools/bin/../lib/gcc/arm-none-eabi/7.3.1/../../../../arm-none-eabi/lib/thumb/v7e-m/fpv4-sp/hard\libc_nano.a(lib_a-exit.o)
                              c:/st/stm32cubeide_1.4.0/stm32cubeide/plugins/com.st.stm32cube.ide.mcu.externaltools.gnu-tools-for-stm32.7-2018-q2-update.win32_1.4.0.202007081208/tools/bin/../lib/gcc/arm-none-eabi/7.3.1/../../../../arm-none-eabi/lib/thumb/v7e-m/fpv4-sp/hard/crt0.o (exit)
c:/st/stm32cubeide_1.4.0/stm32cubeide/plugins/com.st.stm32cube.ide.mcu.externaltools.gnu-tools-for-stm32.7-2018-q2-update.win32_1.4.0.202007081208/tools/bin/../lib/gcc/arm-none-eabi/7.3.1/../../../../arm-none-eabi/lib/thumb/v7e-m/fpv4-sp/hard\libc_nano.a(lib_a-impure.o)
                              c:/st/stm32cubeide_1.4.0/stm32cubeide/plugins/com.st.stm32cube.ide.mcu.externaltools.gnu-tools-for-stm32.7-2018-q2-update.win32_1.4.0.202007081208/tools/bin/../lib/gcc/arm-none-eabi/7.3.1/../../../../arm-none-eabi/lib/thumb/v7e-m/fpv4-sp/hard\libc_nano.a(lib_a-exit.o) (_global_impure_ptr)
c:/st/stm32cubeide_1.4.0/stm32cubeide/plugins/com.st.stm32cube.ide.mcu.externaltools.gnu-tools-for-stm32.7-2018-q2-update.win32_1.4.0.202007081208/tools/bin/../lib/gcc/arm-none-eabi/7.3.1/../../../../arm-none-eabi/lib/thumb/v7e-m/fpv4-sp/hard\libc_nano.a(lib_a-init.o)
                              c:/st/stm32cubeide_1.4.0/stm32cubeide/plugins/com.st.stm32cube.ide.mcu.externaltools.gnu-tools-for-stm32.7-2018-q2-update.win32_1.4.0.202007081208/tools/bin/../lib/gcc/arm-none-eabi/7.3.1/../../../../arm-none-eabi/lib/thumb/v7e-m/fpv4-sp/hard/crt0.o (__libc_init_array)
c:/st/stm32cubeide_1.4.0/stm32cubeide/plugins/com.st.stm32cube.ide.mcu.externaltools.gnu-tools-for-stm32.7-2018-q2-update.win32_1.4.0.202007081208/tools/bin/../lib/gcc/arm-none-eabi/7.3.1/../../../../arm-none-eabi/lib/thumb/v7e-m/fpv4-sp/hard\libc_nano.a(lib_a-malloc.o)
                              Middlewares/ST/STM32_USB_Host_Library/Class/CDC/Src/usbh_cdc.o (malloc)
c:/st/stm32cubeide_1.4.0/stm32cubeide/plugins/com.st.stm32cube.ide.mcu.externaltools.gnu-tools-for-stm32.7-2018-q2-update.win32_1.4.0.202007081208/tools/bin/../lib/gcc/arm-none-eabi/7.3.1/../../../../arm-none-eabi/lib/thumb/v7e-m/fpv4-sp/hard\libc_nano.a(lib_a-memset.o)
                              c:/st/stm32cubeide_1.4.0/stm32cubeide/plugins/com.st.stm32cube.ide.mcu.externaltools.gnu-tools-for-stm32.7-2018-q2-update.win32_1.4.0.202007081208/tools/bin/../lib/gcc/arm-none-eabi/7.3.1/../../../../arm-none-eabi/lib/thumb/v7e-m/fpv4-sp/hard/crt0.o (memset)
c:/st/stm32cubeide_1.4.0/stm32cubeide/plugins/com.st.stm32cube.ide.mcu.externaltools.gnu-tools-for-stm32.7-2018-q2-update.win32_1.4.0.202007081208/tools/bin/../lib/gcc/arm-none-eabi/7.3.1/../../../../arm-none-eabi/lib/thumb/v7e-m/fpv4-sp/hard\libc_nano.a(lib_a-nano-freer.o)
                              c:/st/stm32cubeide_1.4.0/stm32cubeide/plugins/com.st.stm32cube.ide.mcu.externaltools.gnu-tools-for-stm32.7-2018-q2-update.win32_1.4.0.202007081208/tools/bin/../lib/gcc/arm-none-eabi/7.3.1/../../../../arm-none-eabi/lib/thumb/v7e-m/fpv4-sp/hard\libc_nano.a(lib_a-malloc.o) (_free_r)
c:/st/stm32cubeide_1.4.0/stm32cubeide/plugins/com.st.stm32cube.ide.mcu.externaltools.gnu-tools-for-stm32.7-2018-q2-update.win32_1.4.0.202007081208/tools/bin/../lib/gcc/arm-none-eabi/7.3.1/../../../../arm-none-eabi/lib/thumb/v7e-m/fpv4-sp/hard\libc_nano.a(lib_a-nano-mallocr.o)
                              c:/st/stm32cubeide_1.4.0/stm32cubeide/plugins/com.st.stm32cube.ide.mcu.externaltools.gnu-tools-for-stm32.7-2018-q2-update.win32_1.4.0.202007081208/tools/bin/../lib/gcc/arm-none-eabi/7.3.1/../../../../arm-none-eabi/lib/thumb/v7e-m/fpv4-sp/hard\libc_nano.a(lib_a-malloc.o) (_malloc_r)
c:/st/stm32cubeide_1.4.0/stm32cubeide/plugins/com.st.stm32cube.ide.mcu.externaltools.gnu-tools-for-stm32.7-2018-q2-update.win32_1.4.0.202007081208/tools/bin/../lib/gcc/arm-none-eabi/7.3.1/../../../../arm-none-eabi/lib/thumb/v7e-m/fpv4-sp/hard\libc_nano.a(lib_a-sbrkr.o)
                              c:/st/stm32cubeide_1.4.0/stm32cubeide/plugins/com.st.stm32cube.ide.mcu.externaltools.gnu-tools-for-stm32.7-2018-q2-update.win32_1.4.0.202007081208/tools/bin/../lib/gcc/arm-none-eabi/7.3.1/../../../../arm-none-eabi/lib/thumb/v7e-m/fpv4-sp/hard\libc_nano.a(lib_a-nano-mallocr.o) (_sbrk_r)
[...]
Memory Configuration

Name             Origin             Length             Attributes
CCMRAM           0x0000000010000000 0x0000000000010000 xrw
RAM              0x0000000020000000 0x0000000000020000 xrw
FLASH            0x0000000008000000 0x0000000000100000 xr
*default*        0x0000000000000000 0xffffffffffffffff

Linker script and memory map

LOAD c:/st/stm32cubeide_1.4.0/stm32cubeide/plugins/com.st.stm32cube.ide.mcu.externaltools.gnu-tools-for-stm32.7-2018-q2-update.win32_1.4.0.202007081208/tools/bin/../lib/gcc/arm-none-eabi/7.3.1/thumb/v7e-m/fpv4-sp/hard/crti.o
LOAD c:/st/stm32cubeide_1.4.0/stm32cubeide/plugins/com.st.stm32cube.ide.mcu.externaltools.gnu-tools-for-stm32.7-2018-q2-update.win32_1.4.0.202007081208/tools/bin/../lib/gcc/arm-none-eabi/7.3.1/thumb/v7e-m/fpv4-sp/hard/crtbegin.o
LOAD c:/st/stm32cubeide_1.4.0/stm32cubeide/plugins/com.st.stm32cube.ide.mcu.externaltools.gnu-tools-for-stm32.7-2018-q2-update.win32_1.4.0.202007081208/tools/bin/../lib/gcc/arm-none-eabi/7.3.1/../../../../arm-none-eabi/lib/thumb/v7e-m/fpv4-sp/hard/crt0.o
LOAD Core/Src/UART/uart.o
LOAD Core/Src/main.o
LOAD Core/Src/stm32f4xx_hal_msp.o
LOAD Core/Src/stm32f4xx_it.o
LOAD Core/Src/syscalls.o
LOAD Core/Src/sysmem.o
LOAD Core/Src/system_stm32f4xx.o
LOAD Core/Startup/startup_stm32f407vgtx.o
LOAD Drivers/STM32F4xx_HAL_Driver/Src/stm32f4xx_hal.o
LOAD Drivers/STM32F4xx_HAL_Driver/Src/stm32f4xx_hal_adc.o
LOAD Drivers/STM32F4xx_HAL_Driver/Src/stm32f4xx_hal_adc_ex.o
LOAD Drivers/STM32F4xx_HAL_Driver/Src/stm32f4xx_hal_cortex.o
LOAD Drivers/STM32F4xx_HAL_Driver/Src/stm32f4xx_hal_dac.o
LOAD Drivers/STM32F4xx_HAL_Driver/Src/stm32f4xx_hal_dac_ex.o
LOAD Drivers/STM32F4xx_HAL_Driver/Src/stm32f4xx_hal_dma.o
LOAD Drivers/STM32F4xx_HAL_Driver/Src/stm32f4xx_hal_dma_ex.o
LOAD Drivers/STM32F4xx_HAL_Driver/Src/stm32f4xx_hal_exti.o
LOAD Drivers/STM32F4xx_HAL_Driver/Src/stm32f4xx_hal_flash.o
LOAD Drivers/STM32F4xx_HAL_Driver/Src/stm32f4xx_hal_flash_ex.o
LOAD Drivers/STM32F4xx_HAL_Driver/Src/stm32f4xx_hal_flash_ramfunc.o
LOAD Drivers/STM32F4xx_HAL_Driver/Src/stm32f4xx_hal_gpio.o
LOAD Drivers/STM32F4xx_HAL_Driver/Src/stm32f4xx_hal_hcd.o
LOAD Drivers/STM32F4xx_HAL_Driver/Src/stm32f4xx_hal_pwr.o
LOAD Drivers/STM32F4xx_HAL_Driver/Src/stm32f4xx_hal_pwr_ex.o
LOAD Drivers/STM32F4xx_HAL_Driver/Src/stm32f4xx_hal_rcc.o
LOAD Drivers/STM32F4xx_HAL_Driver/Src/stm32f4xx_hal_rcc_ex.o
LOAD Drivers/STM32F4xx_HAL_Driver/Src/stm32f4xx_hal_tim.o
LOAD Drivers/STM32F4xx_HAL_Driver/Src/stm32f4xx_hal_tim_ex.o
LOAD Drivers/STM32F4xx_HAL_Driver/Src/stm32f4xx_hal_uart.o
LOAD Drivers/STM32F4xx_HAL_Driver/Src/stm32f4xx_ll_usb.o
LOAD Middlewares/ST/STM32_USB_Host_Library/Class/CDC/Src/usbh_cdc.o
LOAD Middlewares/ST/STM32_USB_Host_Library/Core/Src/usbh_core.o
LOAD Middlewares/ST/STM32_USB_Host_Library/Core/Src/usbh_ctlreq.o
LOAD Middlewares/ST/STM32_USB_Host_Library/Core/Src/usbh_ioreq.o
LOAD Middlewares/ST/STM32_USB_Host_Library/Core/Src/usbh_pipes.o
LOAD USB_HOST/App/usb_host.o
LOAD USB_HOST/Target/usbh_conf.o
LOAD USB_HOST/Target/usbh_platform.o
START GROUP
LOAD c:/st/stm32cubeide_1.4.0/stm32cubeide/plugins/com.st.stm32cube.ide.mcu.externaltools.gnu-tools-for-stm32.7-2018-q2-update.win32_1.4.0.202007081208/tools/bin/../lib/gcc/arm-none-eabi/7.3.1/../../../../arm-none-eabi/lib/thumb/v7e-m/fpv4-sp/hard\libstdc++_nano.a
LOAD c:/st/stm32cubeide_1.4.0/stm32cubeide/plugins/com.st.stm32cube.ide.mcu.externaltools.gnu-tools-for-stm32.7-2018-q2-update.win32_1.4.0.202007081208/tools/bin/../lib/gcc/arm-none-eabi/7.3.1/../../../../arm-none-eabi/lib/thumb/v7e-m/fpv4-sp/hard\libsupc++_nano.a
END GROUP
LOAD c:/st/stm32cubeide_1.4.0/stm32cubeide/plugins/com.st.stm32cube.ide.mcu.externaltools.gnu-tools-for-stm32.7-2018-q2-update.win32_1.4.0.202007081208/tools/bin/../lib/gcc/arm-none-eabi/7.3.1/../../../../arm-none-eabi/lib/thumb/v7e-m/fpv4-sp/hard\libstdc++_nano.a
LOAD c:/st/stm32cubeide_1.4.0/stm32cubeide/plugins/com.st.stm32cube.ide.mcu.externaltools.gnu-tools-for-stm32.7-2018-q2-update.win32_1.4.0.202007081208/tools/bin/../lib/gcc/arm-none-eabi/7.3.1/../../../../arm-none-eabi/lib/thumb/v7e-m/fpv4-sp/hard\libm.a
LOAD c:/st/stm32cubeide_1.4.0/stm32cubeide/plugins/com.st.stm32cube.ide.mcu.externaltools.gnu-tools-for-stm32.7-2018-q2-update.win32_1.4.0.202007081208/tools/bin/../lib/gcc/arm-none-eabi/7.3.1/../../../../arm-none-eabi/lib/thumb/v7e-m/fpv4-sp/hard\libc_nano.a
START GROUP
LOAD c:/st/stm32cubeide_1.4.0/stm32cubeide/plugins/com.st.stm32cube.ide.mcu.externaltools.gnu-tools-for-stm32.7-2018-q2-update.win32_1.4.0.202007081208/tools/bin/../lib/gcc/arm-none-eabi/7.3.1/thumb/v7e-m/fpv4-sp/hard\libgcc.a
LOAD c:/st/stm32cubeide_1.4.0/stm32cubeide/plugins/com.st.stm32cube.ide.mcu.externaltools.gnu-tools-for-stm32.7-2018-q2-update.win32_1.4.0.202007081208/tools/bin/../lib/gcc/arm-none-eabi/7.3.1/../../../../arm-none-eabi/lib/thumb/v7e-m/fpv4-sp/hard\libc_nano.a
END GROUP
START GROUP
LOAD c:/st/stm32cubeide_1.4.0/stm32cubeide/plugins/com.st.stm32cube.ide.mcu.externaltools.gnu-tools-for-stm32.7-2018-q2-update.win32_1.4.0.202007081208/tools/bin/../lib/gcc/arm-none-eabi/7.3.1/thumb/v7e-m/fpv4-sp/hard\libgcc.a
LOAD c:/st/stm32cubeide_1.4.0/stm32cubeide/plugins/com.st.stm32cube.ide.mcu.externaltools.gnu-tools-for-stm32.7-2018-q2-update.win32_1.4.0.202007081208/tools/bin/../lib/gcc/arm-none-eabi/7.3.1/../../../../arm-none-eabi/lib/thumb/v7e-m/fpv4-sp/hard\libc_nano.a
LOAD c:/st/stm32cubeide_1.4.0/stm32cubeide/plugins/com.st.stm32cube.ide.mcu.externaltools.gnu-tools-for-stm32.7-2018-q2-update.win32_1.4.0.202007081208/tools/bin/../lib/gcc/arm-none-eabi/7.3.1/../../../../arm-none-eabi/lib/thumb/v7e-m/fpv4-sp/hard\libnosys.a
END GROUP
START GROUP
LOAD c:/st/stm32cubeide_1.4.0/stm32cubeide/plugins/com.st.stm32cube.ide.mcu.externaltools.gnu-tools-for-stm32.7-2018-q2-update.win32_1.4.0.202007081208/tools/bin/../lib/gcc/arm-none-eabi/7.3.1/thumb/v7e-m/fpv4-sp/hard\libgcc.a
LOAD c:/st/stm32cubeide_1.4.0/stm32cubeide/plugins/com.st.stm32cube.ide.mcu.externaltools.gnu-tools-for-stm32.7-2018-q2-update.win32_1.4.0.202007081208/tools/bin/../lib/gcc/arm-none-eabi/7.3.1/../../../../arm-none-eabi/lib/thumb/v7e-m/fpv4-sp/hard\libc_nano.a
LOAD c:/st/stm32cubeide_1.4.0/stm32cubeide/plugins/com.st.stm32cube.ide.mcu.externaltools.gnu-tools-for-stm32.7-2018-q2-update.win32_1.4.0.202007081208/tools/bin/../lib/gcc/arm-none-eabi/7.3.1/../../../../arm-none-eabi/lib/thumb/v7e-m/fpv4-sp/hard\libnosys.a
END GROUP
LOAD c:/st/stm32cubeide_1.4.0/stm32cubeide/plugins/com.st.stm32cube.ide.mcu.externaltools.gnu-tools-for-stm32.7-2018-q2-update.win32_1.4.0.202007081208/tools/bin/../lib/gcc/arm-none-eabi/7.3.1/thumb/v7e-m/fpv4-sp/hard/crtend.o
LOAD c:/st/stm32cubeide_1.4.0/stm32cubeide/plugins/com.st.stm32cube.ide.mcu.externaltools.gnu-tools-for-stm32.7-2018-q2-update.win32_1.4.0.202007081208/tools/bin/../lib/gcc/arm-none-eabi/7.3.1/thumb/v7e-m/fpv4-sp/hard/crtn.o
                0x0000000020020000                _estack = (ORIGIN (RAM) + LENGTH (RAM))
                0x0000000000000200                _Min_Heap_Size = 0x200
                0x0000000000000400                _Min_Stack_Size = 0x400

.isr_vector     0x0000000008000000      0x188
                0x0000000008000000                . = ALIGN (0x4)
 *(.isr_vector)
 .isr_vector    0x0000000008000000      0x188 Core/Startup/startup_stm32f407vgtx.o
                0x0000000008000000                g_pfnVectors
                0x0000000008000188                . = ALIGN (0x4)

.text           0x0000000008000188     0x829c
                0x0000000008000188                . = ALIGN (0x4)
 *(.text)
 .text          0x0000000008000188       0x40 c:/st/stm32cubeide_1.4.0/stm32cubeide/plugins/com.st.stm32cube.ide.mcu.externaltools.gnu-tools-for-stm32.7-2018-q2-update.win32_1.4.0.202007081208/tools/bin/../lib/gcc/arm-none-eabi/7.3.1/thumb/v7e-m/fpv4-sp/hard/crtbegin.o
 .text          0x00000000080001c8       0x10 c:/st/stm32cubeide_1.4.0/stm32cubeide/plugins/com.st.stm32cube.ide.mcu.externaltools.gnu-tools-for-stm32.7-2018-q2-update.win32_1.4.0.202007081208/tools/bin/../lib/gcc/arm-none-eabi/7.3.1/../../../../arm-none-eabi/lib/thumb/v7e-m/fpv4-sp/hard\libc_nano.a(lib_a-strlen.o)
                0x00000000080001c8                strlen
 .text          0x00000000080001d8       0x30 c:/st/stm32cubeide_1.4.0/stm32cubeide/plugins/com.st.stm32cube.ide.mcu.externaltools.gnu-tools-for-stm32.7-2018-q2-update.win32_1.4.0.202007081208/tools/bin/../lib/gcc/arm-none-eabi/7.3.1/thumb/v7e-m/fpv4-sp/hard\libgcc.a(_aeabi_uldivmod.o)
                0x00000000080001d8                __aeabi_uldivmod
 .text          0x0000000008000208      0x2cc c:/st/stm32cubeide_1.4.0/stm32cubeide/plugins/com.st.stm32cube.ide.mcu.externaltools.gnu-tools-for-stm32.7-2018-q2-update.win32_1.4.0.202007081208/tools/bin/../lib/gcc/arm-none-eabi/7.3.1/thumb/v7e-m/fpv4-sp/hard\libgcc.a(_udivmoddi4.o)
                0x0000000008000208                __udivmoddi4
 .text          0x00000000080004d4        0x4 c:/st/stm32cubeide_1.4.0/stm32cubeide/plugins/com.st.stm32cube.ide.mcu.externaltools.gnu-tools-for-stm32.7-2018-q2-update.win32_1.4.0.202007081208/tools/bin/../lib/gcc/arm-none-eabi/7.3.1/thumb/v7e-m/fpv4-sp/hard\libgcc.a(_dvmd_tls.o)
                0x00000000080004d4                __aeabi_idiv0
                0x00000000080004d4                __aeabi_ldiv0
 *(.text*)
 .text.getdata  0x00000000080004d8       0xa4 Core/Src/UART/uart.o
                0x00000000080004d8                getdata
 .text.HAL_ADC_ConvCpltCallback
                0x000000000800057c       0x34 Core/Src/main.o
                0x000000000800057c                HAL_ADC_ConvCpltCallback
 .text.HAL_UART_RxCpltCallback
                0x00000000080005b0       0x40 Core/Src/main.o
                0x00000000080005b0                HAL_UART_RxCpltCallback
 .text.main     0x00000000080005f0       0x94 Core/Src/main.o
                0x00000000080005f0                main
 .text.SystemClock_Config
                0x0000000008000684       0xd4 Core/Src/main.o
                0x0000000008000684                SystemClock_Config
 .text.MX_ADC1_Init
                0x0000000008000758       0xa4 Core/Src/main.o
 .text.MX_DAC_Init
                0x00000000080007fc       0x54 Core/Src/main.o
 .text.MX_USART2_UART_Init
                0x0000000008000850       0x54 Core/Src/main.o
 .text.MX_GPIO_Init
                0x00000000080008a4      0x1d8 Core/Src/main.o
 .text.Error_Handler
                0x0000000008000a7c        0xe Core/Src/main.o
                0x0000000008000a7c                Error_Handler
 *fill*         0x0000000008000a8a        0x2 
 .text.HAL_MspInit
                0x0000000008000a8c       0x50 Core/Src/stm32f4xx_hal_msp.o
                0x0000000008000a8c                HAL_MspInit
 .text.HAL_ADC_MspInit
                0x0000000008000adc       0x98 Core/Src/stm32f4xx_hal_msp.o
                0x0000000008000adc                HAL_ADC_MspInit
 .text.HAL_DAC_MspInit
                0x0000000008000b74       0x88 Core/Src/stm32f4xx_hal_msp.o
                0x0000000008000b74                HAL_DAC_MspInit
 .text.HAL_UART_MspInit
                0x0000000008000bfc       0xa0 Core/Src/stm32f4xx_hal_msp.o
                0x0000000008000bfc                HAL_UART_MspInit
 .text.NMI_Handler
                0x0000000008000c9c        0xe Core/Src/stm32f4xx_it.o
                0x0000000008000c9c                NMI_Handler
 .text.HardFault_Handler
                0x0000000008000caa        0x6 Core/Src/stm32f4xx_it.o
                0x0000000008000caa                HardFault_Handler
 .text.MemManage_Handler
                0x0000000008000cb0        0x6 Core/Src/stm32f4xx_it.o
                0x0000000008000cb0                MemManage_Handler
 .text.BusFault_Handler
                0x0000000008000cb6        0x6 Core/Src/stm32f4xx_it.o
                0x0000000008000cb6                BusFault_Handler
 .text.UsageFault_Handler
                0x0000000008000cbc        0x6 Core/Src/stm32f4xx_it.o
                0x0000000008000cbc                UsageFault_Handler
 .text.SVC_Handler
                0x0000000008000cc2        0xe Core/Src/stm32f4xx_it.o
                0x0000000008000cc2                SVC_Handler
 .text.DebugMon_Handler
                0x0000000008000cd0        0xe Core/Src/stm32f4xx_it.o
                0x0000000008000cd0                DebugMon_Handler
 .text.PendSV_Handler
                0x0000000008000cde        0xe Core/Src/stm32f4xx_it.o
                0x0000000008000cde                PendSV_Handler
 .text.SysTick_Handler
                0x0000000008000cec        0xc Core/Src/stm32f4xx_it.o
                0x0000000008000cec                SysTick_Handler
 .text.ADC_IRQHandler
                0x0000000008000cf8       0x14 Core/Src/stm32f4xx_it.o
                0x0000000008000cf8                ADC_IRQHandler
 .text.USART2_IRQHandler
                0x0000000008000d0c       0x14 Core/Src/stm32f4xx_it.o
                0x0000000008000d0c                USART2_IRQHandler
 .text.OTG_FS_IRQHandler
                0x0000000008000d20       0x14 Core/Src/stm32f4xx_it.o
                0x0000000008000d20                OTG_FS_IRQHandler
 .text._sbrk    0x0000000008000d34       0x6c Core/Src/sysmem.o
                0x0000000008000d34                _sbrk
 .text.SystemInit
                0x0000000008000da0       0x2c Core/Src/system_stm32f4xx.o
                0x0000000008000da0                SystemInit
 .text.Reset_Handler
                0x0000000008000dcc       0x50 Core/Startup/startup_stm32f407vgtx.o
                0x0000000008000dcc                Reset_Handler
 .text.Default_Handler
                0x0000000008000e1c        0x2 Core/Startup/startup_stm32f407vgtx.o
                0x0000000008000e1c                RTC_Alarm_IRQHandler
                0x0000000008000e1c                HASH_RNG_IRQHandler
                0x0000000008000e1c                EXTI2_IRQHandler
                0x0000000008000e1c                TIM8_CC_IRQHandler
                0x0000000008000e1c                TIM1_CC_IRQHandler
                0x0000000008000e1c                DMA2_Stream5_IRQHandler
                0x0000000008000e1c                DMA1_Stream5_IRQHandler
                0x0000000008000e1c                PVD_IRQHandler
                0x0000000008000e1c                SDIO_IRQHandler
                0x0000000008000e1c                TAMP_STAMP_IRQHandler
                0x0000000008000e1c                CAN2_RX1_IRQHandler
                0x0000000008000e1c                EXTI3_IRQHandler
                0x0000000008000e1c                TIM8_TRG_COM_TIM14_IRQHandler
                0x0000000008000e1c                TIM1_UP_TIM10_IRQHandler
                0x0000000008000e1c                TIM8_UP_TIM13_IRQHandler
                0x0000000008000e1c                I2C3_ER_IRQHandler
                0x0000000008000e1c                EXTI0_IRQHandler
                0x0000000008000e1c                I2C2_EV_IRQHandler
                0x0000000008000e1c                DMA1_Stream2_IRQHandler
                0x0000000008000e1c                CAN1_RX0_IRQHandler
                0x0000000008000e1c                FPU_IRQHandler
                0x0000000008000e1c                OTG_HS_WKUP_IRQHandler
                0x0000000008000e1c                CAN2_SCE_IRQHandler
                0x0000000008000e1c                DMA2_Stream2_IRQHandler
                0x0000000008000e1c                SPI1_IRQHandler
                0x0000000008000e1c                TIM6_DAC_IRQHandler
                0x0000000008000e1c                TIM1_BRK_TIM9_IRQHandler
                0x0000000008000e1c                DCMI_IRQHandler
                0x0000000008000e1c                CAN2_RX0_IRQHandler
                0x0000000008000e1c                DMA2_Stream3_IRQHandler
                0x0000000008000e1c                USART6_IRQHandler
                0x0000000008000e1c                USART3_IRQHandler
                0x0000000008000e1c                CAN1_RX1_IRQHandler
                0x0000000008000e1c                UART5_IRQHandler
                0x0000000008000e1c                DMA2_Stream0_IRQHandler
                0x0000000008000e1c                TIM4_IRQHandler
                0x0000000008000e1c                I2C1_EV_IRQHandler
                0x0000000008000e1c                DMA1_Stream6_IRQHandler
                0x0000000008000e1c                DMA1_Stream1_IRQHandler
                0x0000000008000e1c                UART4_IRQHandler
                0x0000000008000e1c                TIM3_IRQHandler
                0x0000000008000e1c                RCC_IRQHandler
                0x0000000008000e1c                TIM8_BRK_TIM12_IRQHandler
                0x0000000008000e1c                Default_Handler
                0x0000000008000e1c                EXTI15_10_IRQHandler
                0x0000000008000e1c                DMA1_Stream7_IRQHandler
                0x0000000008000e1c                TIM7_IRQHandler
                0x0000000008000e1c                CAN2_TX_IRQHandler
                0x0000000008000e1c                TIM5_IRQHandler
                0x0000000008000e1c                DMA2_Stream7_IRQHandler
                0x0000000008000e1c                I2C3_EV_IRQHandler
                0x0000000008000e1c                EXTI9_5_IRQHandler
                0x0000000008000e1c                RTC_WKUP_IRQHandler
                0x0000000008000e1c                ETH_WKUP_IRQHandler
                0x0000000008000e1c                SPI2_IRQHandler
                0x0000000008000e1c                OTG_HS_EP1_IN_IRQHandler
                0x0000000008000e1c                DMA1_Stream0_IRQHandler
                0x0000000008000e1c                CAN1_TX_IRQHandler
                0x0000000008000e1c                EXTI4_IRQHandler
                0x0000000008000e1c                FSMC_IRQHandler
                0x0000000008000e1c                ETH_IRQHandler
                0x0000000008000e1c                OTG_HS_EP1_OUT_IRQHandler
                0x0000000008000e1c                WWDG_IRQHandler
                0x0000000008000e1c                TIM2_IRQHandler
                0x0000000008000e1c                OTG_FS_WKUP_IRQHandler
                0x0000000008000e1c                TIM1_TRG_COM_TIM11_IRQHandler
                0x0000000008000e1c                OTG_HS_IRQHandler
                0x0000000008000e1c                EXTI1_IRQHandler
                0x0000000008000e1c                I2C2_ER_IRQHandler
                0x0000000008000e1c                DMA2_Stream1_IRQHandler
                0x0000000008000e1c                CAN1_SCE_IRQHandler
                0x0000000008000e1c                FLASH_IRQHandler
                0x0000000008000e1c                DMA2_Stream4_IRQHandler
                0x0000000008000e1c                USART1_IRQHandler
                0x0000000008000e1c                SPI3_IRQHandler
                0x0000000008000e1c                DMA1_Stream4_IRQHandler
                0x0000000008000e1c                I2C1_ER_IRQHandler
                0x0000000008000e1c                DMA2_Stream6_IRQHandler
                0x0000000008000e1c                DMA1_Stream3_IRQHandler
 *fill*         0x0000000008000e1e        0x2 
 .text.HAL_Init
                0x0000000008000e20       0x44 Drivers/STM32F4xx_HAL_Driver/Src/stm32f4xx_hal.o
                0x0000000008000e20                HAL_Init
 .text.HAL_InitTick
                0x0000000008000e64       0x60 Drivers/STM32F4xx_HAL_Driver/Src/stm32f4xx_hal.o
                0x0000000008000e64                HAL_InitTick
 .text.HAL_IncTick
                0x0000000008000ec4       0x28 Drivers/STM32F4xx_HAL_Driver/Src/stm32f4xx_hal.o
                0x0000000008000ec4                HAL_IncTick
 .text.HAL_GetTick
                0x0000000008000eec       0x18 Drivers/STM32F4xx_HAL_Driver/Src/stm32f4xx_hal.o
                0x0000000008000eec                HAL_GetTick
 .text.HAL_Delay
                0x0000000008000f04       0x44 Drivers/STM32F4xx_HAL_Driver/Src/stm32f4xx_hal.o
                0x0000000008000f04                HAL_Delay
 .text.HAL_ADC_Init
                0x0000000008000f48       0x86 Drivers/STM32F4xx_HAL_Driver/Src/stm32f4xx_hal_adc.o
                0x0000000008000f48                HAL_ADC_Init
 *fill*         0x0000000008000fce        0x2 
 .text.HAL_ADC_Start_IT
                0x0000000008000fd0      0x1a0 Drivers/STM32F4xx_HAL_Driver/Src/stm32f4xx_hal_adc.o
                0x0000000008000fd0                HAL_ADC_Start_IT
 .text.HAL_ADC_IRQHandler
                0x0000000008001170      0x282 Drivers/STM32F4xx_HAL_Driver/Src/stm32f4xx_hal_adc.o
                0x0000000008001170                HAL_ADC_IRQHandler
 .text.HAL_ADC_GetValue
                0x00000000080013f2       0x1a Drivers/STM32F4xx_HAL_Driver/Src/stm32f4xx_hal_adc.o
                0x00000000080013f2                HAL_ADC_GetValue
 .text.HAL_ADC_LevelOutOfWindowCallback
                0x000000000800140c       0x14 Drivers/STM32F4xx_HAL_Driver/Src/stm32f4xx_hal_adc.o
                0x000000000800140c                HAL_ADC_LevelOutOfWindowCallback
 .text.HAL_ADC_ErrorCallback
                0x0000000008001420       0x14 Drivers/STM32F4xx_HAL_Driver/Src/stm32f4xx_hal_adc.o
                0x0000000008001420                HAL_ADC_ErrorCallback
 .text.HAL_ADC_ConfigChannel
                0x0000000008001434      0x244 Drivers/STM32F4xx_HAL_Driver/Src/stm32f4xx_hal_adc.o
                0x0000000008001434                HAL_ADC_ConfigChannel
 .text.ADC_Init
                0x0000000008001678      0x1f8 Drivers/STM32F4xx_HAL_Driver/Src/stm32f4xx_hal_adc.o
 .text.HAL_ADCEx_InjectedConvCpltCallback
                0x0000000008001870       0x14 Drivers/STM32F4xx_HAL_Driver/Src/stm32f4xx_hal_adc_ex.o
                0x0000000008001870                HAL_ADCEx_InjectedConvCpltCallback
 .text.__NVIC_SetPriorityGrouping
                0x0000000008001884       0x48 Drivers/STM32F4xx_HAL_Driver/Src/stm32f4xx_hal_cortex.o
 .text.__NVIC_GetPriorityGrouping
                0x00000000080018cc       0x1c Drivers/STM32F4xx_HAL_Driver/Src/stm32f4xx_hal_cortex.o
 .text.__NVIC_EnableIRQ
                0x00000000080018e8       0x3c Drivers/STM32F4xx_HAL_Driver/Src/stm32f4xx_hal_cortex.o
 .text.__NVIC_SetPriority
                0x0000000008001924       0x54 Drivers/STM32F4xx_HAL_Driver/Src/stm32f4xx_hal_cortex.o
 .text.NVIC_EncodePriority
                0x0000000008001978       0x66 Drivers/STM32F4xx_HAL_Driver/Src/stm32f4xx_hal_cortex.o
 *fill*         0x00000000080019de        0x2 
 .text.SysTick_Config
                0x00000000080019e0       0x44 Drivers/STM32F4xx_HAL_Driver/Src/stm32f4xx_hal_cortex.o
 .text.HAL_NVIC_SetPriorityGrouping
                0x0000000008001a24       0x16 Drivers/STM32F4xx_HAL_Driver/Src/stm32f4xx_hal_cortex.o
                0x0000000008001a24                HAL_NVIC_SetPriorityGrouping
 .text.HAL_NVIC_SetPriority
                0x0000000008001a3a       0x38 Drivers/STM32F4xx_HAL_Driver/Src/stm32f4xx_hal_cortex.o
                0x0000000008001a3a                HAL_NVIC_SetPriority
 .text.HAL_NVIC_EnableIRQ
                0x0000000008001a72       0x1c Drivers/STM32F4xx_HAL_Driver/Src/stm32f4xx_hal_cortex.o
                0x0000000008001a72                HAL_NVIC_EnableIRQ
 .text.HAL_SYSTICK_Config
                0x0000000008001a8e       0x18 Drivers/STM32F4xx_HAL_Driver/Src/stm32f4xx_hal_cortex.o
                0x0000000008001a8e                HAL_SYSTICK_Config
 .text.HAL_DAC_Init
                0x0000000008001aa6       0x44 Drivers/STM32F4xx_HAL_Driver/Src/stm32f4xx_hal_dac.o
                0x0000000008001aa6                HAL_DAC_Init
 .text.HAL_DAC_Start
                0x0000000008001aea       0xcc Drivers/STM32F4xx_HAL_Driver/Src/stm32f4xx_hal_dac.o
                0x0000000008001aea                HAL_DAC_Start
 .text.HAL_DAC_ConfigChannel
                0x0000000008001bb6       0x9a Drivers/STM32F4xx_HAL_Driver/Src/stm32f4xx_hal_dac.o
                0x0000000008001bb6                HAL_DAC_ConfigChannel
 .text.HAL_DMA_Abort_IT
                0x0000000008001c50       0x44 Drivers/STM32F4xx_HAL_Driver/Src/stm32f4xx_hal_dma.o
                0x0000000008001c50                HAL_DMA_Abort_IT
 .text.HAL_GPIO_Init
                0x0000000008001c94      0x334 Drivers/STM32F4xx_HAL_Driver/Src/stm32f4xx_hal_gpio.o
                0x0000000008001c94                HAL_GPIO_Init
 .text.HAL_GPIO_ReadPin
                0x0000000008001fc8       0x30 Drivers/STM32F4xx_HAL_Driver/Src/stm32f4xx_hal_gpio.o
                0x0000000008001fc8                HAL_GPIO_ReadPin
 .text.HAL_GPIO_WritePin
                0x0000000008001ff8       0x32 Drivers/STM32F4xx_HAL_Driver/Src/stm32f4xx_hal_gpio.o
                0x0000000008001ff8                HAL_GPIO_WritePin
 .text.HAL_HCD_Init
                0x000000000800202a       0xc4 Drivers/STM32F4xx_HAL_Driver/Src/stm32f4xx_hal_hcd.o
                0x000000000800202a                HAL_HCD_Init
 .text.HAL_HCD_HC_Init
                0x00000000080020ee      0x130 Drivers/STM32F4xx_HAL_Driver/Src/stm32f4xx_hal_hcd.o
                0x00000000080020ee                HAL_HCD_HC_Init
 .text.HAL_HCD_HC_Halt
                0x000000000800221e       0x46 Drivers/STM32F4xx_HAL_Driver/Src/stm32f4xx_hal_hcd.o
                0x000000000800221e                HAL_HCD_HC_Halt
 .text.HAL_HCD_HC_SubmitRequest
                0x0000000008002264      0x2e4 Drivers/STM32F4xx_HAL_Driver/Src/stm32f4xx_hal_hcd.o
                0x0000000008002264                HAL_HCD_HC_SubmitRequest
 .text.HAL_HCD_IRQHandler
                0x0000000008002548      0x208 Drivers/STM32F4xx_HAL_Driver/Src/stm32f4xx_hal_hcd.o
                0x0000000008002548                HAL_HCD_IRQHandler
 .text.HAL_HCD_Start
                0x0000000008002750       0x46 Drivers/STM32F4xx_HAL_Driver/Src/stm32f4xx_hal_hcd.o
                0x0000000008002750                HAL_HCD_Start
 .text.HAL_HCD_Stop
                0x0000000008002796       0x3a Drivers/STM32F4xx_HAL_Driver/Src/stm32f4xx_hal_hcd.o
                0x0000000008002796                HAL_HCD_Stop
 .text.HAL_HCD_ResetPort
                0x00000000080027d0       0x1c Drivers/STM32F4xx_HAL_Driver/Src/stm32f4xx_hal_hcd.o
                0x00000000080027d0                HAL_HCD_ResetPort
 .text.HAL_HCD_HC_GetURBState
                0x00000000080027ec       0x2a Drivers/STM32F4xx_HAL_Driver/Src/stm32f4xx_hal_hcd.o
                0x00000000080027ec                HAL_HCD_HC_GetURBState
 .text.HAL_HCD_HC_GetXferCount
                0x0000000008002816       0x2a Drivers/STM32F4xx_HAL_Driver/Src/stm32f4xx_hal_hcd.o
                0x0000000008002816                HAL_HCD_HC_GetXferCount
 .text.HAL_HCD_GetCurrentFrame
                0x0000000008002840       0x1c Drivers/STM32F4xx_HAL_Driver/Src/stm32f4xx_hal_hcd.o
                0x0000000008002840                HAL_HCD_GetCurrentFrame
 .text.HAL_HCD_GetCurrentSpeed
                0x000000000800285c       0x1c Drivers/STM32F4xx_HAL_Driver/Src/stm32f4xx_hal_hcd.o
                0x000000000800285c                HAL_HCD_GetCurrentSpeed
 .text.HCD_HC_IN_IRQHandler
                0x0000000008002878      0x86a Drivers/STM32F4xx_HAL_Driver/Src/stm32f4xx_hal_hcd.o
 .text.HCD_HC_OUT_IRQHandler
                0x00000000080030e2      0x6ea Drivers/STM32F4xx_HAL_Driver/Src/stm32f4xx_hal_hcd.o
 .text.HCD_RXQLVL_IRQHandler
                0x00000000080037cc      0x158 Drivers/STM32F4xx_HAL_Driver/Src/stm32f4xx_hal_hcd.o
 .text.HCD_Port_IRQHandler
                0x0000000008003924       0xe6 Drivers/STM32F4xx_HAL_Driver/Src/stm32f4xx_hal_hcd.o
 *fill*         0x0000000008003a0a        0x2 
 .text.HAL_RCC_OscConfig
                0x0000000008003a0c      0x4e0 Drivers/STM32F4xx_HAL_Driver/Src/stm32f4xx_hal_rcc.o
                0x0000000008003a0c                HAL_RCC_OscConfig
 .text.HAL_RCC_ClockConfig
                0x0000000008003eec      0x1cc Drivers/STM32F4xx_HAL_Driver/Src/stm32f4xx_hal_rcc.o
                0x0000000008003eec                HAL_RCC_ClockConfig
 .text.HAL_RCC_GetSysClockFreq
                0x00000000080040b8      0x1b0 Drivers/STM32F4xx_HAL_Driver/Src/stm32f4xx_hal_rcc.o
                0x00000000080040b8                HAL_RCC_GetSysClockFreq
 .text.HAL_RCC_GetHCLKFreq
                0x0000000008004268       0x18 Drivers/STM32F4xx_HAL_Driver/Src/stm32f4xx_hal_rcc.o
                0x0000000008004268                HAL_RCC_GetHCLKFreq
 .text.HAL_RCC_GetPCLK1Freq
                0x0000000008004280       0x28 Drivers/STM32F4xx_HAL_Driver/Src/stm32f4xx_hal_rcc.o
                0x0000000008004280                HAL_RCC_GetPCLK1Freq
 .text.HAL_RCC_GetPCLK2Freq
                0x00000000080042a8       0x28 Drivers/STM32F4xx_HAL_Driver/Src/stm32f4xx_hal_rcc.o
                0x00000000080042a8                HAL_RCC_GetPCLK2Freq
 .text.HAL_UART_Init
                0x00000000080042d0       0x9a Drivers/STM32F4xx_HAL_Driver/Src/stm32f4xx_hal_uart.o
                0x00000000080042d0                HAL_UART_Init
 .text.HAL_UART_Receive_IT
                0x000000000800436a       0xaa Drivers/STM32F4xx_HAL_Driver/Src/stm32f4xx_hal_uart.o
                0x000000000800436a                HAL_UART_Receive_IT
 .text.HAL_UART_IRQHandler
                0x0000000008004414      0x200 Drivers/STM32F4xx_HAL_Driver/Src/stm32f4xx_hal_uart.o
                0x0000000008004414                HAL_UART_IRQHandler
 .text.HAL_UART_TxCpltCallback
                0x0000000008004614       0x14 Drivers/STM32F4xx_HAL_Driver/Src/stm32f4xx_hal_uart.o
                0x0000000008004614                HAL_UART_TxCpltCallback
 .text.HAL_UART_ErrorCallback
                0x0000000008004628       0x14 Drivers/STM32F4xx_HAL_Driver/Src/stm32f4xx_hal_uart.o
                0x0000000008004628                HAL_UART_ErrorCallback
 .text.UART_EndRxTransfer
                0x000000000800463c       0x3c Drivers/STM32F4xx_HAL_Driver/Src/stm32f4xx_hal_uart.o
 .text.UART_DMAAbortOnError
                0x0000000008004678       0x28 Drivers/STM32F4xx_HAL_Driver/Src/stm32f4xx_hal_uart.o
 .text.UART_Transmit_IT
                0x00000000080046a0       0xac Drivers/STM32F4xx_HAL_Driver/Src/stm32f4xx_hal_uart.o
 .text.UART_EndTransmit_IT
                0x000000000800474c       0x30 Drivers/STM32F4xx_HAL_Driver/Src/stm32f4xx_hal_uart.o
 .text.UART_Receive_IT
                0x000000000800477c      0x102 Drivers/STM32F4xx_HAL_Driver/Src/stm32f4xx_hal_uart.o
 *fill*         0x000000000800487e        0x2 
 .text.UART_SetConfig
                0x0000000008004880      0x6f8 Drivers/STM32F4xx_HAL_Driver/Src/stm32f4xx_hal_uart.o
 .text.USB_CoreInit
                0x0000000008004f78       0xc2 Drivers/STM32F4xx_HAL_Driver/Src/stm32f4xx_ll_usb.o
                0x0000000008004f78                USB_CoreInit
 .text.USB_EnableGlobalInt
                0x000000000800503a       0x22 Drivers/STM32F4xx_HAL_Driver/Src/stm32f4xx_ll_usb.o
                0x000000000800503a                USB_EnableGlobalInt
 .text.USB_DisableGlobalInt
                0x000000000800505c       0x22 Drivers/STM32F4xx_HAL_Driver/Src/stm32f4xx_ll_usb.o
                0x000000000800505c                USB_DisableGlobalInt
 .text.USB_SetCurrentMode
                0x000000000800507e       0x54 Drivers/STM32F4xx_HAL_Driver/Src/stm32f4xx_ll_usb.o
                0x000000000800507e                USB_SetCurrentMode
 *fill*         0x00000000080050d2        0x2 
 .text.USB_FlushTxFifo
                0x00000000080050d4       0x4c Drivers/STM32F4xx_HAL_Driver/Src/stm32f4xx_ll_usb.o
                0x00000000080050d4                USB_FlushTxFifo
 .text.USB_FlushRxFifo
                0x0000000008005120       0x44 Drivers/STM32F4xx_HAL_Driver/Src/stm32f4xx_ll_usb.o
                0x0000000008005120                USB_FlushRxFifo
 .text.USB_WritePacket
                0x0000000008005164       0x6a Drivers/STM32F4xx_HAL_Driver/Src/stm32f4xx_ll_usb.o
                0x0000000008005164                USB_WritePacket
 .text.USB_ReadPacket
                0x00000000080051ce       0x52 Drivers/STM32F4xx_HAL_Driver/Src/stm32f4xx_ll_usb.o
                0x00000000080051ce                USB_ReadPacket
 .text.USB_ReadInterrupts
                0x0000000008005220       0x26 Drivers/STM32F4xx_HAL_Driver/Src/stm32f4xx_ll_usb.o
                0x0000000008005220                USB_ReadInterrupts
 .text.USB_GetMode
                0x0000000008005246       0x1c Drivers/STM32F4xx_HAL_Driver/Src/stm32f4xx_ll_usb.o
                0x0000000008005246                USB_GetMode
 *fill*         0x0000000008005262        0x2 
 .text.USB_CoreReset
                0x0000000008005264       0x68 Drivers/STM32F4xx_HAL_Driver/Src/stm32f4xx_ll_usb.o
 .text.USB_HostInit
                0x00000000080052cc      0x178 Drivers/STM32F4xx_HAL_Driver/Src/stm32f4xx_ll_usb.o
                0x00000000080052cc                USB_HostInit
 .text.USB_InitFSLSPClkSel
                0x0000000008005444       0x74 Drivers/STM32F4xx_HAL_Driver/Src/stm32f4xx_ll_usb.o
                0x0000000008005444                USB_InitFSLSPClkSel
 .text.USB_ResetPort
                0x00000000080054b8       0x54 Drivers/STM32F4xx_HAL_Driver/Src/stm32f4xx_ll_usb.o
                0x00000000080054b8                USB_ResetPort
 .text.USB_DriveVbus
                0x000000000800550c       0x72 Drivers/STM32F4xx_HAL_Driver/Src/stm32f4xx_ll_usb.o
                0x000000000800550c                USB_DriveVbus
 .text.USB_GetHostSpeed
                0x000000000800557e       0x2e Drivers/STM32F4xx_HAL_Driver/Src/stm32f4xx_ll_usb.o
                0x000000000800557e                USB_GetHostSpeed
 .text.USB_GetCurrentFrame
                0x00000000080055ac       0x22 Drivers/STM32F4xx_HAL_Driver/Src/stm32f4xx_ll_usb.o
                0x00000000080055ac                USB_GetCurrentFrame
 *fill*         0x00000000080055ce        0x2 
 .text.USB_HC_Init
                0x00000000080055d0      0x214 Drivers/STM32F4xx_HAL_Driver/Src/stm32f4xx_ll_usb.o
                0x00000000080055d0                USB_HC_Init
 .text.USB_HC_StartXfer
                0x00000000080057e4      0x28c Drivers/STM32F4xx_HAL_Driver/Src/stm32f4xx_ll_usb.o
                0x00000000080057e4                USB_HC_StartXfer
 .text.USB_HC_ReadInterrupt
                0x0000000008005a70       0x22 Drivers/STM32F4xx_HAL_Driver/Src/stm32f4xx_ll_usb.o
                0x0000000008005a70                USB_HC_ReadInterrupt
 .text.USB_HC_Halt
                0x0000000008005a92      0x1fe Drivers/STM32F4xx_HAL_Driver/Src/stm32f4xx_ll_usb.o
                0x0000000008005a92                USB_HC_Halt
 .text.USB_DoPing
                0x0000000008005c90       0x78 Drivers/STM32F4xx_HAL_Driver/Src/stm32f4xx_ll_usb.o
                0x0000000008005c90                USB_DoPing
 .text.USB_StopHost
                0x0000000008005d08      0x10c Drivers/STM32F4xx_HAL_Driver/Src/stm32f4xx_ll_usb.o
                0x0000000008005d08                USB_StopHost
 .text.USBH_CDC_InterfaceInit
                0x0000000008005e14      0x2ac Middlewares/ST/STM32_USB_Host_Library/Class/CDC/Src/usbh_cdc.o
 .text.USBH_CDC_InterfaceDeInit
                0x00000000080060c0       0xb2 Middlewares/ST/STM32_USB_Host_Library/Class/CDC/Src/usbh_cdc.o
 .text.USBH_CDC_ClassRequest
                0x0000000008006172       0x3e Middlewares/ST/STM32_USB_Host_Library/Class/CDC/Src/usbh_cdc.o
 .text.USBH_CDC_Process
                0x00000000080061b0      0x12c Middlewares/ST/STM32_USB_Host_Library/Class/CDC/Src/usbh_cdc.o
 .text.USBH_CDC_SOFProcess
                0x00000000080062dc       0x16 Middlewares/ST/STM32_USB_Host_Library/Class/CDC/Src/usbh_cdc.o
 .text.GetLineCoding
                0x00000000080062f2       0x3e Middlewares/ST/STM32_USB_Host_Library/Class/CDC/Src/usbh_cdc.o
 .text.SetLineCoding
                0x0000000008006330       0x3e Middlewares/ST/STM32_USB_Host_Library/Class/CDC/Src/usbh_cdc.o
 .text.CDC_ProcessTransmission
                0x000000000800636e       0xf0 Middlewares/ST/STM32_USB_Host_Library/Class/CDC/Src/usbh_cdc.o
 .text.CDC_ProcessReception
                0x000000000800645e       0xb6 Middlewares/ST/STM32_USB_Host_Library/Class/CDC/Src/usbh_cdc.o
 .text.USBH_CDC_TransmitCallback
                0x0000000008006514       0x14 Middlewares/ST/STM32_USB_Host_Library/Class/CDC/Src/usbh_cdc.o
                0x0000000008006514                USBH_CDC_TransmitCallback
 .text.USBH_CDC_ReceiveCallback
                0x0000000008006528       0x14 Middlewares/ST/STM32_USB_Host_Library/Class/CDC/Src/usbh_cdc.o
                0x0000000008006528                USBH_CDC_ReceiveCallback
 .text.USBH_CDC_LineCodingChanged
                0x000000000800653c       0x14 Middlewares/ST/STM32_USB_Host_Library/Class/CDC/Src/usbh_cdc.o
                0x000000000800653c                USBH_CDC_LineCodingChanged
 .text.USBH_Init
                0x0000000008006550       0x74 Middlewares/ST/STM32_USB_Host_Library/Core/Src/usbh_core.o
                0x0000000008006550                USBH_Init
 .text.DeInitStateMachine
                0x00000000080065c4       0xa8 Middlewares/ST/STM32_USB_Host_Library/Core/Src/usbh_core.o
 .text.USBH_RegisterClass
                0x000000000800666c       0x54 Middlewares/ST/STM32_USB_Host_Library/Core/Src/usbh_core.o
                0x000000000800666c                USBH_RegisterClass
 .text.USBH_SelectInterface
                0x00000000080066c0       0x38 Middlewares/ST/STM32_USB_Host_Library/Core/Src/usbh_core.o
                0x00000000080066c0                USBH_SelectInterface
 .text.USBH_FindInterface
                0x00000000080066f8       0x8c Middlewares/ST/STM32_USB_Host_Library/Core/Src/usbh_core.o
                0x00000000080066f8                USBH_FindInterface
 .text.USBH_Start
                0x0000000008006784       0x20 Middlewares/ST/STM32_USB_Host_Library/Core/Src/usbh_core.o
                0x0000000008006784                USBH_Start
 .text.USBH_Process
                0x00000000080067a4      0x3c0 Middlewares/ST/STM32_USB_Host_Library/Core/Src/usbh_core.o
                0x00000000080067a4                USBH_Process
 .text.USBH_HandleEnum
                0x0000000008006b64      0x3c8 Middlewares/ST/STM32_USB_Host_Library/Core/Src/usbh_core.o
 .text.USBH_LL_SetTimer
                0x0000000008006f2c       0x1e Middlewares/ST/STM32_USB_Host_Library/Core/Src/usbh_core.o
                0x0000000008006f2c                USBH_LL_SetTimer
 .text.USBH_LL_IncTimer
                0x0000000008006f4a       0x24 Middlewares/ST/STM32_USB_Host_Library/Core/Src/usbh_core.o
                0x0000000008006f4a                USBH_LL_IncTimer
 .text.USBH_HandleSof
                0x0000000008006f6e       0x30 Middlewares/ST/STM32_USB_Host_Library/Core/Src/usbh_core.o
 .text.USBH_LL_PortEnabled
                0x0000000008006f9e       0x1c Middlewares/ST/STM32_USB_Host_Library/Core/Src/usbh_core.o
                0x0000000008006f9e                USBH_LL_PortEnabled
 .text.USBH_LL_PortDisabled
                0x0000000008006fba       0x1c Middlewares/ST/STM32_USB_Host_Library/Core/Src/usbh_core.o
                0x0000000008006fba                USBH_LL_PortDisabled
 .text.USBH_LL_Connect
                0x0000000008006fd6       0x2e Middlewares/ST/STM32_USB_Host_Library/Core/Src/usbh_core.o
                0x0000000008006fd6                USBH_LL_Connect
 .text.USBH_LL_Disconnect
                0x0000000008007004       0x48 Middlewares/ST/STM32_USB_Host_Library/Core/Src/usbh_core.o
                0x0000000008007004                USBH_LL_Disconnect
 .text.USBH_Get_DevDesc
                0x000000000800704c       0x50 Middlewares/ST/STM32_USB_Host_Library/Core/Src/usbh_ctlreq.o
                0x000000000800704c                USBH_Get_DevDesc
 .text.USBH_Get_CfgDesc
                0x000000000800709c       0x48 Middlewares/ST/STM32_USB_Host_Library/Core/Src/usbh_ctlreq.o
                0x000000000800709c                USBH_Get_CfgDesc
 .text.USBH_Get_StringDesc
                0x00000000080070e4       0x56 Middlewares/ST/STM32_USB_Host_Library/Core/Src/usbh_ctlreq.o
                0x00000000080070e4                USBH_Get_StringDesc
 .text.USBH_GetDescriptor
                0x000000000800713a       0x6a Middlewares/ST/STM32_USB_Host_Library/Core/Src/usbh_ctlreq.o
                0x000000000800713a                USBH_GetDescriptor
 .text.USBH_SetAddress
                0x00000000080071a4       0x48 Middlewares/ST/STM32_USB_Host_Library/Core/Src/usbh_ctlreq.o
                0x00000000080071a4                USBH_SetAddress
 .text.USBH_SetCfg
                0x00000000080071ec       0x46 Middlewares/ST/STM32_USB_Host_Library/Core/Src/usbh_ctlreq.o
                0x00000000080071ec                USBH_SetCfg
 .text.USBH_SetFeature
                0x0000000008007232       0x48 Middlewares/ST/STM32_USB_Host_Library/Core/Src/usbh_ctlreq.o
                0x0000000008007232                USBH_SetFeature
 .text.USBH_ClrFeature
                0x000000000800727a       0x48 Middlewares/ST/STM32_USB_Host_Library/Core/Src/usbh_ctlreq.o
                0x000000000800727a                USBH_ClrFeature
 .text.USBH_ParseDevDesc
                0x00000000080072c2       0xe0 Middlewares/ST/STM32_USB_Host_Library/Core/Src/usbh_ctlreq.o
 .text.USBH_ParseCfgDesc
                0x00000000080073a2      0x144 Middlewares/ST/STM32_USB_Host_Library/Core/Src/usbh_ctlreq.o
 .text.USBH_ParseInterfaceDesc
                0x00000000080074e6       0x5e Middlewares/ST/STM32_USB_Host_Library/Core/Src/usbh_ctlreq.o
 .text.USBH_ParseEPDesc
                0x0000000008007544       0x5a Middlewares/ST/STM32_USB_Host_Library/Core/Src/usbh_ctlreq.o
 .text.USBH_ParseStringDesc
                0x000000000800759e       0x66 Middlewares/ST/STM32_USB_Host_Library/Core/Src/usbh_ctlreq.o
 .text.USBH_GetNextDesc
                0x0000000008007604       0x36 Middlewares/ST/STM32_USB_Host_Library/Core/Src/usbh_ctlreq.o
                0x0000000008007604                USBH_GetNextDesc
 .text.USBH_CtlReq
                0x000000000800763a       0x7a Middlewares/ST/STM32_USB_Host_Library/Core/Src/usbh_ctlreq.o
                0x000000000800763a                USBH_CtlReq
 .text.USBH_HandleControl
                0x00000000080076b4      0x2ec Middlewares/ST/STM32_USB_Host_Library/Core/Src/usbh_ctlreq.o
 .text.USBH_CtlSendSetup
                0x00000000080079a0       0x34 Middlewares/ST/STM32_USB_Host_Library/Core/Src/usbh_ioreq.o
                0x00000000080079a0                USBH_CtlSendSetup
 .text.USBH_CtlSendData
                0x00000000080079d4       0x4a Middlewares/ST/STM32_USB_Host_Library/Core/Src/usbh_ioreq.o
                0x00000000080079d4                USBH_CtlSendData
 .text.USBH_CtlReceiveData
                0x0000000008007a1e       0x3c Middlewares/ST/STM32_USB_Host_Library/Core/Src/usbh_ioreq.o
                0x0000000008007a1e                USBH_CtlReceiveData
 .text.USBH_BulkSendData
                0x0000000008007a5a       0x4a Middlewares/ST/STM32_USB_Host_Library/Core/Src/usbh_ioreq.o
                0x0000000008007a5a                USBH_BulkSendData
 .text.USBH_BulkReceiveData
                0x0000000008007aa4       0x3c Middlewares/ST/STM32_USB_Host_Library/Core/Src/usbh_ioreq.o
                0x0000000008007aa4                USBH_BulkReceiveData
 .text.USBH_OpenPipe
                0x0000000008007ae0       0x3e Middlewares/ST/STM32_USB_Host_Library/Core/Src/usbh_pipes.o
                0x0000000008007ae0                USBH_OpenPipe
 .text.USBH_ClosePipe
                0x0000000008007b1e       0x20 Middlewares/ST/STM32_USB_Host_Library/Core/Src/usbh_pipes.o
                0x0000000008007b1e                USBH_ClosePipe
 .text.USBH_AllocPipe
                0x0000000008007b3e       0x42 Middlewares/ST/STM32_USB_Host_Library/Core/Src/usbh_pipes.o
                0x0000000008007b3e                USBH_AllocPipe
 .text.USBH_FreePipe
                0x0000000008007b80       0x3c Middlewares/ST/STM32_USB_Host_Library/Core/Src/usbh_pipes.o
                0x0000000008007b80                USBH_FreePipe
 .text.USBH_GetFreePipe
                0x0000000008007bbc       0x48 Middlewares/ST/STM32_USB_Host_Library/Core/Src/usbh_pipes.o
 .text.MX_USB_HOST_Init
                0x0000000008007c04       0x4c USB_HOST/App/usb_host.o
                0x0000000008007c04                MX_USB_HOST_Init
 .text.MX_USB_HOST_Process
                0x0000000008007c50       0x14 USB_HOST/App/usb_host.o
                0x0000000008007c50                MX_USB_HOST_Process
 .text.USBH_UserProcess
                0x0000000008007c64       0x5c USB_HOST/App/usb_host.o
 .text.HAL_HCD_MspInit
                0x0000000008007cc0       0xc4 USB_HOST/Target/usbh_conf.o
                0x0000000008007cc0                HAL_HCD_MspInit
 .text.HAL_HCD_SOF_Callback
                0x0000000008007d84       0x1c USB_HOST/Target/usbh_conf.o
                0x0000000008007d84                HAL_HCD_SOF_Callback
 .text.HAL_HCD_Connect_Callback
                0x0000000008007da0       0x1c USB_HOST/Target/usbh_conf.o
                0x0000000008007da0                HAL_HCD_Connect_Callback
 .text.HAL_HCD_Disconnect_Callback
                0x0000000008007dbc       0x1c USB_HOST/Target/usbh_conf.o
                0x0000000008007dbc                HAL_HCD_Disconnect_Callback
 .text.HAL_HCD_HC_NotifyURBChange_Callback
                0x0000000008007dd8       0x1c USB_HOST/Target/usbh_conf.o
                0x0000000008007dd8                HAL_HCD_HC_NotifyURBChange_Callback
 .text.HAL_HCD_PortEnabled_Callback
                0x0000000008007df4       0x1c USB_HOST/Target/usbh_conf.o
                0x0000000008007df4                HAL_HCD_PortEnabled_Callback
 .text.HAL_HCD_PortDisabled_Callback
                0x0000000008007e10       0x1c USB_HOST/Target/usbh_conf.o
                0x0000000008007e10                HAL_HCD_PortDisabled_Callback
 .text.USBH_LL_Init
                0x0000000008007e2c       0x78 USB_HOST/Target/usbh_conf.o
                0x0000000008007e2c                USBH_LL_Init
 .text.USBH_LL_Start
                0x0000000008007ea4       0x36 USB_HOST/Target/usbh_conf.o
                0x0000000008007ea4                USBH_LL_Start
 .text.USBH_LL_Stop
                0x0000000008007eda       0x36 USB_HOST/Target/usbh_conf.o
                0x0000000008007eda                USBH_LL_Stop
 .text.USBH_LL_GetSpeed
                0x0000000008007f10       0x4a USB_HOST/Target/usbh_conf.o
                0x0000000008007f10                USBH_LL_GetSpeed
 .text.USBH_LL_ResetPort
                0x0000000008007f5a       0x36 USB_HOST/Target/usbh_conf.o
                0x0000000008007f5a                USBH_LL_ResetPort
 .text.USBH_LL_GetLastXferSize
                0x0000000008007f90       0x26 USB_HOST/Target/usbh_conf.o
                0x0000000008007f90                USBH_LL_GetLastXferSize
 .text.USBH_LL_OpenPipe
                0x0000000008007fb6       0x5e USB_HOST/Target/usbh_conf.o
                0x0000000008007fb6                USBH_LL_OpenPipe
 .text.USBH_LL_ClosePipe
                0x0000000008008014       0x3e USB_HOST/Target/usbh_conf.o
                0x0000000008008014                USBH_LL_ClosePipe
 .text.USBH_LL_SubmitURB
                0x0000000008008052       0x62 USB_HOST/Target/usbh_conf.o
                0x0000000008008052                USBH_LL_SubmitURB
 .text.USBH_LL_GetURBState
                0x00000000080080b4       0x26 USB_HOST/Target/usbh_conf.o
                0x00000000080080b4                USBH_LL_GetURBState
 .text.USBH_LL_DriverVBUS
                0x00000000080080da       0x2e USB_HOST/Target/usbh_conf.o
                0x00000000080080da                USBH_LL_DriverVBUS
 .text.USBH_LL_SetToggle
                0x0000000008008108       0x66 USB_HOST/Target/usbh_conf.o
                0x0000000008008108                USBH_LL_SetToggle
 .text.USBH_Delay
                0x000000000800816e       0x16 USB_HOST/Target/usbh_conf.o
                0x000000000800816e                USBH_Delay
 .text.USBH_Get_USB_Status
                0x0000000008008184       0x58 USB_HOST/Target/usbh_conf.o
                0x0000000008008184                USBH_Get_USB_Status
 .text.MX_DriverVbusFS
                0x00000000080081dc       0x38 USB_HOST/Target/usbh_platform.o
                0x00000000080081dc                MX_DriverVbusFS
 .text.__errno  0x0000000008008214        0xc c:/st/stm32cubeide_1.4.0/stm32cubeide/plugins/com.st.stm32cube.ide.mcu.externaltools.gnu-tools-for-stm32.7-2018-q2-update.win32_1.4.0.202007081208/tools/bin/../lib/gcc/arm-none-eabi/7.3.1/../../../../arm-none-eabi/lib/thumb/v7e-m/fpv4-sp/hard\libc_nano.a(lib_a-errno.o)
                0x0000000008008214                __errno
 .text.__libc_init_array
                0x0000000008008220       0x48 c:/st/stm32cubeide_1.4.0/stm32cubeide/plugins/com.st.stm32cube.ide.mcu.externaltools.gnu-tools-for-stm32.7-2018-q2-update.win32_1.4.0.202007081208/tools/bin/../lib/gcc/arm-none-eabi/7.3.1/../../../../arm-none-eabi/lib/thumb/v7e-m/fpv4-sp/hard\libc_nano.a(lib_a-init.o)
                0x0000000008008220                __libc_init_array
 .text.malloc   0x0000000008008268       0x10 c:/st/stm32cubeide_1.4.0/stm32cubeide/plugins/com.st.stm32cube.ide.mcu.externaltools.gnu-tools-for-stm32.7-2018-q2-update.win32_1.4.0.202007081208/tools/bin/../lib/gcc/arm-none-eabi/7.3.1/../../../../arm-none-eabi/lib/thumb/v7e-m/fpv4-sp/hard\libc_nano.a(lib_a-malloc.o)
                0x0000000008008268                malloc
 .text.free     0x0000000008008278       0x10 c:/st/stm32cubeide_1.4.0/stm32cubeide/plugins/com.st.stm32cube.ide.mcu.externaltools.gnu-tools-for-stm32.7-2018-q2-update.win32_1.4.0.202007081208/tools/bin/../lib/gcc/arm-none-eabi/7.3.1/../../../../arm-none-eabi/lib/thumb/v7e-m/fpv4-sp/hard\libc_nano.a(lib_a-malloc.o)
                0x0000000008008278                free
 .text.memset   0x0000000008008288       0x10 c:/st/stm32cubeide_1.4.0/stm32cubeide/plugins/com.st.stm32cube.ide.mcu.externaltools.gnu-tools-for-stm32.7-2018-q2-update.win32_1.4.0.202007081208/tools/bin/../lib/gcc/arm-none-eabi/7.3.1/../../../../arm-none-eabi/lib/thumb/v7e-m/fpv4-sp/hard\libc_nano.a(lib_a-memset.o)
                0x0000000008008288                memset
 .text._free_r  0x0000000008008298       0x9c c:/st/stm32cubeide_1.4.0/stm32cubeide/plugins/com.st.stm32cube.ide.mcu.externaltools.gnu-tools-for-stm32.7-2018-q2-update.win32_1.4.0.202007081208/tools/bin/../lib/gcc/arm-none-eabi/7.3.1/../../../../arm-none-eabi/lib/thumb/v7e-m/fpv4-sp/hard\libc_nano.a(lib_a-nano-freer.o)
                0x0000000008008298                _free_r
 .text._malloc_r
                0x0000000008008334       0xb4 c:/st/stm32cubeide_1.4.0/stm32cubeide/plugins/com.st.stm32cube.ide.mcu.externaltools.gnu-tools-for-stm32.7-2018-q2-update.win32_1.4.0.202007081208/tools/bin/../lib/gcc/arm-none-eabi/7.3.1/../../../../arm-none-eabi/lib/thumb/v7e-m/fpv4-sp/hard\libc_nano.a(lib_a-nano-mallocr.o)
                0x0000000008008334                _malloc_r
 .text._sbrk_r  0x00000000080083e8       0x20 c:/st/stm32cubeide_1.4.0/stm32cubeide/plugins/com.st.stm32cube.ide.mcu.externaltools.gnu-tools-for-stm32.7-2018-q2-update.win32_1.4.0.202007081208/tools/bin/../lib/gcc/arm-none-eabi/7.3.1/../../../../arm-none-eabi/lib/thumb/v7e-m/fpv4-sp/hard\libc_nano.a(lib_a-sbrkr.o)
                0x00000000080083e8                _sbrk_r
 .text.__malloc_lock
                0x0000000008008408        0x2 c:/st/stm32cubeide_1.4.0/stm32cubeide/plugins/com.st.stm32cube.ide.mcu.externaltools.gnu-tools-for-stm32.7-2018-q2-update.win32_1.4.0.202007081208/tools/bin/../lib/gcc/arm-none-eabi/7.3.1/../../../../arm-none-eabi/lib/thumb/v7e-m/fpv4-sp/hard\libc_nano.a(lib_a-mlock.o)
                0x0000000008008408                __malloc_lock
 .text.__malloc_unlock
                0x000000000800840a        0x2 c:/st/stm32cubeide_1.4.0/stm32cubeide/plugins/com.st.stm32cube.ide.mcu.externaltools.gnu-tools-for-stm32.7-2018-q2-update.win32_1.4.0.202007081208/tools/bin/../lib/gcc/arm-none-eabi/7.3.1/../../../../arm-none-eabi/lib/thumb/v7e-m/fpv4-sp/hard\libc_nano.a(lib_a-mlock.o)
                0x000000000800840a                __malloc_unlock
 *(.glue_7)
 .glue_7        0x000000000800840c        0x0 linker stubs
 *(.glue_7t)
 .glue_7t       0x000000000800840c        0x0 linker stubs
 *(.eh_frame)
 .eh_frame      0x000000000800840c        0x0 c:/st/stm32cubeide_1.4.0/stm32cubeide/plugins/com.st.stm32cube.ide.mcu.externaltools.gnu-tools-for-stm32.7-2018-q2-update.win32_1.4.0.202007081208/tools/bin/../lib/gcc/arm-none-eabi/7.3.1/thumb/v7e-m/fpv4-sp/hard/crtbegin.o
 *(.init)
 .init          0x000000000800840c        0x4 c:/st/stm32cubeide_1.4.0/stm32cubeide/plugins/com.st.stm32cube.ide.mcu.externaltools.gnu-tools-for-stm32.7-2018-q2-update.win32_1.4.0.202007081208/tools/bin/../lib/gcc/arm-none-eabi/7.3.1/thumb/v7e-m/fpv4-sp/hard/crti.o
                0x000000000800840c                _init
 .init          0x0000000008008410        0x8 c:/st/stm32cubeide_1.4.0/stm32cubeide/plugins/com.st.stm32cube.ide.mcu.externaltools.gnu-tools-for-stm32.7-2018-q2-update.win32_1.4.0.202007081208/tools/bin/../lib/gcc/arm-none-eabi/7.3.1/thumb/v7e-m/fpv4-sp/hard/crtn.o
 *(.fini)
 .fini          0x0000000008008418        0x4 c:/st/stm32cubeide_1.4.0/stm32cubeide/plugins/com.st.stm32cube.ide.mcu.externaltools.gnu-tools-for-stm32.7-2018-q2-update.win32_1.4.0.202007081208/tools/bin/../lib/gcc/arm-none-eabi/7.3.1/thumb/v7e-m/fpv4-sp/hard/crti.o
                0x0000000008008418                _fini
 .fini          0x000000000800841c        0x8 c:/st/stm32cubeide_1.4.0/stm32cubeide/plugins/com.st.stm32cube.ide.mcu.externaltools.gnu-tools-for-stm32.7-2018-q2-update.win32_1.4.0.202007081208/tools/bin/../lib/gcc/arm-none-eabi/7.3.1/thumb/v7e-m/fpv4-sp/hard/crtn.o
                0x0000000008008424                . = ALIGN (0x4)
                0x0000000008008424                _etext = .

.vfp11_veneer   0x0000000008008424        0x0
 .vfp11_veneer  0x0000000008008424        0x0 linker stubs

.v4_bx          0x0000000008008424        0x0
 .v4_bx         0x0000000008008424        0x0 linker stubs

.iplt           0x0000000008008424        0x0
 .iplt          0x0000000008008424        0x0 c:/st/stm32cubeide_1.4.0/stm32cubeide/plugins/com.st.stm32cube.ide.mcu.externaltools.gnu-tools-for-stm32.7-2018-q2-update.win32_1.4.0.202007081208/tools/bin/../lib/gcc/arm-none-eabi/7.3.1/thumb/v7e-m/fpv4-sp/hard/crtbegin.o

.rodata         0x0000000008008424       0x1c
                0x0000000008008424                . = ALIGN (0x4)
 *(.rodata)
 .rodata        0x0000000008008424        0x4 Middlewares/ST/STM32_USB_Host_Library/Class/CDC/Src/usbh_cdc.o
 *(.rodata*)
 .rodata.AHBPrescTable
                0x0000000008008428       0x10 Core/Src/system_stm32f4xx.o
                0x0000000008008428                AHBPrescTable
 .rodata.APBPrescTable
                0x0000000008008438        0x8 Core/Src/system_stm32f4xx.o
                0x0000000008008438                APBPrescTable
                0x0000000008008440                . = ALIGN (0x4)

.ARM.extab      0x0000000008008440        0x0
                0x0000000008008440                . = ALIGN (0x4)
 *(.ARM.extab* .gnu.linkonce.armextab.*)
                0x0000000008008440                . = ALIGN (0x4)

.ARM            0x0000000008008440        0x8
                0x0000000008008440                . = ALIGN (0x4)
                0x0000000008008440                __exidx_start = .
 *(.ARM.exidx*)
 .ARM.exidx     0x0000000008008440        0x8 c:/st/stm32cubeide_1.4.0/stm32cubeide/plugins/com.st.stm32cube.ide.mcu.externaltools.gnu-tools-for-stm32.7-2018-q2-update.win32_1.4.0.202007081208/tools/bin/../lib/gcc/arm-none-eabi/7.3.1/thumb/v7e-m/fpv4-sp/hard\libgcc.a(_udivmoddi4.o)
                0x0000000008008448                __exidx_end = .
                0x0000000008008448                . = ALIGN (0x4)

.rel.dyn        0x0000000008008448        0x0
 .rel.iplt      0x0000000008008448        0x0 c:/st/stm32cubeide_1.4.0/stm32cubeide/plugins/com.st.stm32cube.ide.mcu.externaltools.gnu-tools-for-stm32.7-2018-q2-update.win32_1.4.0.202007081208/tools/bin/../lib/gcc/arm-none-eabi/7.3.1/thumb/v7e-m/fpv4-sp/hard/crtbegin.o

.preinit_array  0x0000000008008448        0x0
                0x0000000008008448                . = ALIGN (0x4)
                0x0000000008008448                PROVIDE (__preinit_array_start = .)
 *(.preinit_array*)
                0x0000000008008448                PROVIDE (__preinit_array_end = .)
                0x0000000008008448                . = ALIGN (0x4)

.init_array     0x0000000008008448        0x4
                0x0000000008008448                . = ALIGN (0x4)
                0x0000000008008448                PROVIDE (__init_array_start = .)
 *(SORT_BY_NAME(.init_array.*))
 *(.init_array*)
 .init_array    0x0000000008008448        0x4 c:/st/stm32cubeide_1.4.0/stm32cubeide/plugins/com.st.stm32cube.ide.mcu.externaltools.gnu-tools-for-stm32.7-2018-q2-update.win32_1.4.0.202007081208/tools/bin/../lib/gcc/arm-none-eabi/7.3.1/thumb/v7e-m/fpv4-sp/hard/crtbegin.o
                0x000000000800844c                PROVIDE (__init_array_end = .)
                0x000000000800844c                . = ALIGN (0x4)

.fini_array     0x000000000800844c        0x4
                0x000000000800844c                . = ALIGN (0x4)
                [!provide]                        PROVIDE (__fini_array_start = .)
 *(SORT_BY_NAME(.fini_array.*))
 *(.fini_array*)
 .fini_array    0x000000000800844c        0x4 c:/st/stm32cubeide_1.4.0/stm32cubeide/plugins/com.st.stm32cube.ide.mcu.externaltools.gnu-tools-for-stm32.7-2018-q2-update.win32_1.4.0.202007081208/tools/bin/../lib/gcc/arm-none-eabi/7.3.1/thumb/v7e-m/fpv4-sp/hard/crtbegin.o
                [!provide]                        PROVIDE (__fini_array_end = .)
                0x0000000008008450                . = ALIGN (0x4)
                0x0000000008008450                _sidata = LOADADDR (.data)

.data           0x0000000020000000       0x90 load address 0x0000000008008450
                0x0000000020000000                . = ALIGN (0x4)
                0x0000000020000000                _sdata = .
 *(.data)
 *(.data*)
 .data.SystemCoreClock
                0x0000000020000000        0x4 Core/Src/system_stm32f4xx.o
                0x0000000020000000                SystemCoreClock
 .data.uwTickPrio
                0x0000000020000004        0x4 Drivers/STM32F4xx_HAL_Driver/Src/stm32f4xx_hal.o
                0x0000000020000004                uwTickPrio
 .data.uwTickFreq
                0x0000000020000008        0x1 Drivers/STM32F4xx_HAL_Driver/Src/stm32f4xx_hal.o
                0x0000000020000008                uwTickFreq
 *fill*         0x0000000020000009        0x3 
 .data.CDC_Class
                0x000000002000000c       0x20 Middlewares/ST/STM32_USB_Host_Library/Class/CDC/Src/usbh_cdc.o
                0x000000002000000c                CDC_Class
 .data._impure_ptr
                0x000000002000002c        0x4 c:/st/stm32cubeide_1.4.0/stm32cubeide/plugins/com.st.stm32cube.ide.mcu.externaltools.gnu-tools-for-stm32.7-2018-q2-update.win32_1.4.0.202007081208/tools/bin/../lib/gcc/arm-none-eabi/7.3.1/../../../../arm-none-eabi/lib/thumb/v7e-m/fpv4-sp/hard\libc_nano.a(lib_a-impure.o)
                0x000000002000002c                _impure_ptr
 .data.impure_data
                0x0000000020000030       0x60 c:/st/stm32cubeide_1.4.0/stm32cubeide/plugins/com.st.stm32cube.ide.mcu.externaltools.gnu-tools-for-stm32.7-2018-q2-update.win32_1.4.0.202007081208/tools/bin/../lib/gcc/arm-none-eabi/7.3.1/../../../../arm-none-eabi/lib/thumb/v7e-m/fpv4-sp/hard\libc_nano.a(lib_a-impure.o)
                0x0000000020000090                . = ALIGN (0x4)
                0x0000000020000090                _edata = .

.igot.plt       0x0000000020000090        0x0 load address 0x00000000080084e0
 .igot.plt      0x0000000020000090        0x0 c:/st/stm32cubeide_1.4.0/stm32cubeide/plugins/com.st.stm32cube.ide.mcu.externaltools.gnu-tools-for-stm32.7-2018-q2-update.win32_1.4.0.202007081208/tools/bin/../lib/gcc/arm-none-eabi/7.3.1/thumb/v7e-m/fpv4-sp/hard/crtbegin.o
                0x0000000020000090                . = ALIGN (0x4)

.bss            0x0000000020000090      0x79c load address 0x00000000080084e0
                0x0000000020000090                _sbss = .
                0x0000000020000090                __bss_start__ = _sbss
 *(.bss)
 .bss           0x0000000020000090       0x1c c:/st/stm32cubeide_1.4.0/stm32cubeide/plugins/com.st.stm32cube.ide.mcu.externaltools.gnu-tools-for-stm32.7-2018-q2-update.win32_1.4.0.202007081208/tools/bin/../lib/gcc/arm-none-eabi/7.3.1/thumb/v7e-m/fpv4-sp/hard/crtbegin.o
 *(.bss*)
 .bss.UARTlengthcount
                0x00000000200000ac        0x2 Core/Src/UART/uart.o
 .bss.copystate
                0x00000000200000ae        0x1 Core/Src/UART/uart.o
 .bss.mode      0x00000000200000af        0x1 Core/Src/main.o
                0x00000000200000af                mode
 .bss.lastdata  0x00000000200000b0        0x1 Core/Src/main.o
                0x00000000200000b0                lastdata
 .bss.newblockdata
                0x00000000200000b1        0x1 Core/Src/main.o
                0x00000000200000b1                newblockdata
 *fill*         0x00000000200000b2        0x2 
 .bss.__sbrk_heap_end
                0x00000000200000b4        0x4 Core/Src/sysmem.o
 .bss.tmpreg.8311
                0x00000000200000b8        0x4 Drivers/STM32F4xx_HAL_Driver/Src/stm32f4xx_ll_usb.o
 .bss.Appli_state
                0x00000000200000bc        0x1 USB_HOST/App/usb_host.o
                0x00000000200000bc                Appli_state
 *fill*         0x00000000200000bd        0x3 
 .bss.__malloc_free_list
                0x00000000200000c0        0x4 c:/st/stm32cubeide_1.4.0/stm32cubeide/plugins/com.st.stm32cube.ide.mcu.externaltools.gnu-tools-for-stm32.7-2018-q2-update.win32_1.4.0.202007081208/tools/bin/../lib/gcc/arm-none-eabi/7.3.1/../../../../arm-none-eabi/lib/thumb/v7e-m/fpv4-sp/hard\libc_nano.a(lib_a-nano-mallocr.o)
                0x00000000200000c0                __malloc_free_list
 .bss.__malloc_sbrk_start
                0x00000000200000c4        0x4 c:/st/stm32cubeide_1.4.0/stm32cubeide/plugins/com.st.stm32cube.ide.mcu.externaltools.gnu-tools-for-stm32.7-2018-q2-update.win32_1.4.0.202007081208/tools/bin/../lib/gcc/arm-none-eabi/7.3.1/../../../../arm-none-eabi/lib/thumb/v7e-m/fpv4-sp/hard\libc_nano.a(lib_a-nano-mallocr.o)
                0x00000000200000c4                __malloc_sbrk_start
 *(COMMON)
 COMMON         0x00000000200000c8       0xbd Core/Src/main.o
                0x00000000200000c8                adcinputvalue
                0x00000000200000cc                hadc1
                0x0000000020000114                hdac
                0x0000000020000128                data
                0x000000002000012c                UARTbuffer
                0x0000000020000140                huart2
                0x0000000020000180                adcoutputvalue
                0x0000000020000184                UARTgetchar
 *fill*         0x0000000020000185        0x3 
 COMMON         0x0000000020000188        0x4 Drivers/STM32F4xx_HAL_Driver/Src/stm32f4xx_hal.o
                0x0000000020000188                uwTick
 COMMON         0x000000002000018c      0x3d8 USB_HOST/App/usb_host.o
                0x000000002000018c                hUsbHostFS
 COMMON         0x0000000020000564      0x2c4 USB_HOST/Target/usbh_conf.o
                0x0000000020000564                hhcd_USB_OTG_FS
 COMMON         0x0000000020000828        0x4 c:/st/stm32cubeide_1.4.0/stm32cubeide/plugins/com.st.stm32cube.ide.mcu.externaltools.gnu-tools-for-stm32.7-2018-q2-update.win32_1.4.0.202007081208/tools/bin/../lib/gcc/arm-none-eabi/7.3.1/../../../../arm-none-eabi/lib/thumb/v7e-m/fpv4-sp/hard\libc_nano.a(lib_a-reent.o)
                0x0000000020000828                errno
                0x000000002000082c                . = ALIGN (0x4)
                0x000000002000082c                _ebss = .
                0x000000002000082c                __bss_end__ = _ebss

._user_heap_stack
                0x000000002000082c      0x604 load address 0x00000000080084e0
                0x0000000020000830                . = ALIGN (0x8)
 *fill*         0x000000002000082c        0x4 
                [!provide]                        PROVIDE (end = .)
                0x0000000020000830                PROVIDE (_end = .)
                0x0000000020000a30                . = (. + _Min_Heap_Size)
 *fill*         0x0000000020000830      0x200 
                0x0000000020000e30                . = (. + _Min_Stack_Size)
 *fill*         0x0000000020000a30      0x400 
                0x0000000020000e30                . = ALIGN (0x8)

/DISCARD/
 libc.a(*)
 libm.a(*)
 libgcc.a(*)

.ARM.attributes
                0x0000000000000000       0x30
 *(.ARM.attributes)
 .ARM.attributes
                0x0000000000000000       0x22 c:/st/stm32cubeide_1.4.0/stm32cubeide/plugins/com.st.stm32cube.ide.mcu.externaltools.gnu-tools-for-stm32.7-2018-q2-update.win32_1.4.0.202007081208/tools/bin/../lib/gcc/arm-none-eabi/7.3.1/thumb/v7e-m/fpv4-sp/hard/crti.o
 .ARM.attributes
                0x0000000000000022       0x34 c:/st/stm32cubeide_1.4.0/stm32cubeide/plugins/com.st.stm32cube.ide.mcu.externaltools.gnu-tools-for-stm32.7-2018-q2-update.win32_1.4.0.202007081208/tools/bin/../lib/gcc/arm-none-eabi/7.3.1/thumb/v7e-m/fpv4-sp/hard/crtbegin.o
 .ARM.attributes
                0x0000000000000056       0x39 Core/Src/UART/uart.o
 .ARM.attributes
                0x000000000000008f       0x39 Core/Src/main.o
 .ARM.attributes
                0x00000000000000c8       0x39 Core/Src/stm32f4xx_hal_msp.o
 .ARM.attributes
                0x0000000000000101       0x39 Core/Src/stm32f4xx_it.o
 .ARM.attributes
                0x000000000000013a       0x39 Core/Src/sysmem.o
 .ARM.attributes
                0x0000000000000173       0x39 Core/Src/system_stm32f4xx.o
 .ARM.attributes
                0x00000000000001ac       0x21 Core/Startup/startup_stm32f407vgtx.o
 .ARM.attributes
                0x00000000000001cd       0x39 Drivers/STM32F4xx_HAL_Driver/Src/stm32f4xx_hal.o
 .ARM.attributes
                0x0000000000000206       0x39 Drivers/STM32F4xx_HAL_Driver/Src/stm32f4xx_hal_adc.o
 .ARM.attributes
                0x000000000000023f       0x39 Drivers/STM32F4xx_HAL_Driver/Src/stm32f4xx_hal_adc_ex.o
 .ARM.attributes
                0x0000000000000278       0x39 Drivers/STM32F4xx_HAL_Driver/Src/stm32f4xx_hal_cortex.o
 .ARM.attributes
                0x00000000000002b1       0x39 Drivers/STM32F4xx_HAL_Driver/Src/stm32f4xx_hal_dac.o
 .ARM.attributes
                0x00000000000002ea       0x39 Drivers/STM32F4xx_HAL_Driver/Src/stm32f4xx_hal_dma.o
 .ARM.attributes
                0x0000000000000323       0x39 Drivers/STM32F4xx_HAL_Driver/Src/stm32f4xx_hal_gpio.o
 .ARM.attributes
                0x000000000000035c       0x39 Drivers/STM32F4xx_HAL_Driver/Src/stm32f4xx_hal_hcd.o
 .ARM.attributes
                0x0000000000000395       0x39 Drivers/STM32F4xx_HAL_Driver/Src/stm32f4xx_hal_rcc.o
 .ARM.attributes
                0x00000000000003ce       0x39 Drivers/STM32F4xx_HAL_Driver/Src/stm32f4xx_hal_uart.o
 .ARM.attributes
                0x0000000000000407       0x39 Drivers/STM32F4xx_HAL_Driver/Src/stm32f4xx_ll_usb.o
 .ARM.attributes
                0x0000000000000440       0x39 Middlewares/ST/STM32_USB_Host_Library/Class/CDC/Src/usbh_cdc.o
 .ARM.attributes
                0x0000000000000479       0x39 Middlewares/ST/STM32_USB_Host_Library/Core/Src/usbh_core.o
 .ARM.attributes
                0x00000000000004b2       0x39 Middlewares/ST/STM32_USB_Host_Library/Core/Src/usbh_ctlreq.o
 .ARM.attributes
                0x00000000000004eb       0x39 Middlewares/ST/STM32_USB_Host_Library/Core/Src/usbh_ioreq.o
 .ARM.attributes
                0x0000000000000524       0x39 Middlewares/ST/STM32_USB_Host_Library/Core/Src/usbh_pipes.o
 .ARM.attributes
                0x000000000000055d       0x39 USB_HOST/App/usb_host.o
 .ARM.attributes
                0x0000000000000596       0x39 USB_HOST/Target/usbh_conf.o
 .ARM.attributes
                0x00000000000005cf       0x39 USB_HOST/Target/usbh_platform.o
 .ARM.attributes
                0x0000000000000608       0x34 c:/st/stm32cubeide_1.4.0/stm32cubeide/plugins/com.st.stm32cube.ide.mcu.externaltools.gnu-tools-for-stm32.7-2018-q2-update.win32_1.4.0.202007081208/tools/bin/../lib/gcc/arm-none-eabi/7.3.1/../../../../arm-none-eabi/lib/thumb/v7e-m/fpv4-sp/hard\libc_nano.a(lib_a-errno.o)
 .ARM.attributes
                0x000000000000063c       0x34 c:/st/stm32cubeide_1.4.0/stm32cubeide/plugins/com.st.stm32cube.ide.mcu.externaltools.gnu-tools-for-stm32.7-2018-q2-update.win32_1.4.0.202007081208/tools/bin/../lib/gcc/arm-none-eabi/7.3.1/../../../../arm-none-eabi/lib/thumb/v7e-m/fpv4-sp/hard\libc_nano.a(lib_a-impure.o)
 .ARM.attributes
                0x0000000000000670       0x34 c:/st/stm32cubeide_1.4.0/stm32cubeide/plugins/com.st.stm32cube.ide.mcu.externaltools.gnu-tools-for-stm32.7-2018-q2-update.win32_1.4.0.202007081208/tools/bin/../lib/gcc/arm-none-eabi/7.3.1/../../../../arm-none-eabi/lib/thumb/v7e-m/fpv4-sp/hard\libc_nano.a(lib_a-init.o)
 .ARM.attributes
                0x00000000000006a4       0x34 c:/st/stm32cubeide_1.4.0/stm32cubeide/plugins/com.st.stm32cube.ide.mcu.externaltools.gnu-tools-for-stm32.7-2018-q2-update.win32_1.4.0.202007081208/tools/bin/../lib/gcc/arm-none-eabi/7.3.1/../../../../arm-none-eabi/lib/thumb/v7e-m/fpv4-sp/hard\libc_nano.a(lib_a-malloc.o)
 .ARM.attributes
                0x00000000000006d8       0x34 c:/st/stm32cubeide_1.4.0/stm32cubeide/plugins/com.st.stm32cube.ide.mcu.externaltools.gnu-tools-for-stm32.7-2018-q2-update.win32_1.4.0.202007081208/tools/bin/../lib/gcc/arm-none-eabi/7.3.1/../../../../arm-none-eabi/lib/thumb/v7e-m/fpv4-sp/hard\libc_nano.a(lib_a-memset.o)
 .ARM.attributes
                0x000000000000070c       0x34 c:/st/stm32cubeide_1.4.0/stm32cubeide/plugins/com.st.stm32cube.ide.mcu.externaltools.gnu-tools-for-stm32.7-2018-q2-update.win32_1.4.0.202007081208/tools/bin/../lib/gcc/arm-none-eabi/7.3.1/../../../../arm-none-eabi/lib/thumb/v7e-m/fpv4-sp/hard\libc_nano.a(lib_a-nano-freer.o)
 .ARM.attributes
                0x0000000000000740       0x34 c:/st/stm32cubeide_1.4.0/stm32cubeide/plugins/com.st.stm32cube.ide.mcu.externaltools.gnu-tools-for-stm32.7-2018-q2-update.win32_1.4.0.202007081208/tools/bin/../lib/gcc/arm-none-eabi/7.3.1/../../../../arm-none-eabi/lib/thumb/v7e-m/fpv4-sp/hard\libc_nano.a(lib_a-nano-mallocr.o)
 .ARM.attributes
                0x0000000000000774       0x34 c:/st/stm32cubeide_1.4.0/stm32cubeide/plugins/com.st.stm32cube.ide.mcu.externaltools.gnu-tools-for-stm32.7-2018-q2-update.win32_1.4.0.202007081208/tools/bin/../lib/gcc/arm-none-eabi/7.3.1/../../../../arm-none-eabi/lib/thumb/v7e-m/fpv4-sp/hard\libc_nano.a(lib_a-sbrkr.o)
 .ARM.attributes
                0x00000000000007a8       0x1b c:/st/stm32cubeide_1.4.0/stm32cubeide/plugins/com.st.stm32cube.ide.mcu.externaltools.gnu-tools-for-stm32.7-2018-q2-update.win32_1.4.0.202007081208/tools/bin/../lib/gcc/arm-none-eabi/7.3.1/../../../../arm-none-eabi/lib/thumb/v7e-m/fpv4-sp/hard\libc_nano.a(lib_a-strlen.o)
 .ARM.attributes
                0x00000000000007c3       0x34 c:/st/stm32cubeide_1.4.0/stm32cubeide/plugins/com.st.stm32cube.ide.mcu.externaltools.gnu-tools-for-stm32.7-2018-q2-update.win32_1.4.0.202007081208/tools/bin/../lib/gcc/arm-none-eabi/7.3.1/../../../../arm-none-eabi/lib/thumb/v7e-m/fpv4-sp/hard\libc_nano.a(lib_a-mlock.o)
 .ARM.attributes
                0x00000000000007f7       0x34 c:/st/stm32cubeide_1.4.0/stm32cubeide/plugins/com.st.stm32cube.ide.mcu.externaltools.gnu-tools-for-stm32.7-2018-q2-update.win32_1.4.0.202007081208/tools/bin/../lib/gcc/arm-none-eabi/7.3.1/../../../../arm-none-eabi/lib/thumb/v7e-m/fpv4-sp/hard\libc_nano.a(lib_a-reent.o)
 .ARM.attributes
                0x000000000000082b       0x22 c:/st/stm32cubeide_1.4.0/stm32cubeide/plugins/com.st.stm32cube.ide.mcu.externaltools.gnu-tools-for-stm32.7-2018-q2-update.win32_1.4.0.202007081208/tools/bin/../lib/gcc/arm-none-eabi/7.3.1/thumb/v7e-m/fpv4-sp/hard\libgcc.a(_aeabi_uldivmod.o)
 .ARM.attributes
                0x000000000000084d       0x34 c:/st/stm32cubeide_1.4.0/stm32cubeide/plugins/com.st.stm32cube.ide.mcu.externaltools.gnu-tools-for-stm32.7-2018-q2-update.win32_1.4.0.202007081208/tools/bin/../lib/gcc/arm-none-eabi/7.3.1/thumb/v7e-m/fpv4-sp/hard\libgcc.a(_udivmoddi4.o)
 .ARM.attributes
                0x0000000000000881       0x22 c:/st/stm32cubeide_1.4.0/stm32cubeide/plugins/com.st.stm32cube.ide.mcu.externaltools.gnu-tools-for-stm32.7-2018-q2-update.win32_1.4.0.202007081208/tools/bin/../lib/gcc/arm-none-eabi/7.3.1/thumb/v7e-m/fpv4-sp/hard\libgcc.a(_dvmd_tls.o)
 .ARM.attributes
                0x00000000000008a3       0x22 c:/st/stm32cubeide_1.4.0/stm32cubeide/plugins/com.st.stm32cube.ide.mcu.externaltools.gnu-tools-for-stm32.7-2018-q2-update.win32_1.4.0.202007081208/tools/bin/../lib/gcc/arm-none-eabi/7.3.1/thumb/v7e-m/fpv4-sp/hard/crtn.o
OUTPUT(microphone_testing.elf elf32-littlearm)

.debug_info     0x0000000000000000    0x178c2
 .debug_info    0x0000000000000000      0x2b1 Core/Src/UART/uart.o
 .debug_info    0x00000000000002b1     0x116b Core/Src/main.o
 .debug_info    0x000000000000141c     0x1079 Core/Src/stm32f4xx_hal_msp.o
 .debug_info    0x0000000000002495      0xd94 Core/Src/stm32f4xx_it.o
 .debug_info    0x0000000000003229      0x985 Core/Src/sysmem.o
 .debug_info    0x0000000000003bae      0x554 Core/Src/system_stm32f4xx.o
 .debug_info    0x0000000000004102       0x22 Core/Startup/startup_stm32f407vgtx.o
 .debug_info    0x0000000000004124      0x945 Drivers/STM32F4xx_HAL_Driver/Src/stm32f4xx_hal.o
 .debug_info    0x0000000000004a69      0xcee Drivers/STM32F4xx_HAL_Driver/Src/stm32f4xx_hal_adc.o
 .debug_info    0x0000000000005757      0xb66 Drivers/STM32F4xx_HAL_Driver/Src/stm32f4xx_hal_adc_ex.o
 .debug_info    0x00000000000062bd      0xe28 Drivers/STM32F4xx_HAL_Driver/Src/stm32f4xx_hal_cortex.o
 .debug_info    0x00000000000070e5      0xa3a Drivers/STM32F4xx_HAL_Driver/Src/stm32f4xx_hal_dac.o
 .debug_info    0x0000000000007b1f      0x968 Drivers/STM32F4xx_HAL_Driver/Src/stm32f4xx_hal_dma.o
 .debug_info    0x0000000000008487      0x7b5 Drivers/STM32F4xx_HAL_Driver/Src/stm32f4xx_hal_gpio.o
 .debug_info    0x0000000000008c3c      0xe5f Drivers/STM32F4xx_HAL_Driver/Src/stm32f4xx_hal_hcd.o
 .debug_info    0x0000000000009a9b      0x904 Drivers/STM32F4xx_HAL_Driver/Src/stm32f4xx_hal_rcc.o
 .debug_info    0x000000000000a39f     0x124c Drivers/STM32F4xx_HAL_Driver/Src/stm32f4xx_hal_uart.o
 .debug_info    0x000000000000b5eb     0x18dd Drivers/STM32F4xx_HAL_Driver/Src/stm32f4xx_ll_usb.o
 .debug_info    0x000000000000cec8     0x1b1f Middlewares/ST/STM32_USB_Host_Library/Class/CDC/Src/usbh_cdc.o
 .debug_info    0x000000000000e9e7     0x16fe Middlewares/ST/STM32_USB_Host_Library/Core/Src/usbh_core.o
 .debug_info    0x00000000000100e5     0x17be Middlewares/ST/STM32_USB_Host_Library/Core/Src/usbh_ctlreq.o
 .debug_info    0x00000000000118a3     0x152b Middlewares/ST/STM32_USB_Host_Library/Core/Src/usbh_ioreq.o
 .debug_info    0x0000000000012dce     0x136d Middlewares/ST/STM32_USB_Host_Library/Core/Src/usbh_pipes.o
 .debug_info    0x000000000001413b     0x12c1 USB_HOST/App/usb_host.o
 .debug_info    0x00000000000153fc     0x224c USB_HOST/Target/usbh_conf.o
 .debug_info    0x0000000000017648      0x27a USB_HOST/Target/usbh_platform.o

.debug_abbrev   0x0000000000000000     0x36a1
 .debug_abbrev  0x0000000000000000      0x110 Core/Src/UART/uart.o
 .debug_abbrev  0x0000000000000110      0x22f Core/Src/main.o
 .debug_abbrev  0x000000000000033f      0x195 Core/Src/stm32f4xx_hal_msp.o
 .debug_abbrev  0x00000000000004d4      0x190 Core/Src/stm32f4xx_it.o
 .debug_abbrev  0x0000000000000664      0x19b Core/Src/sysmem.o
 .debug_abbrev  0x00000000000007ff      0x12b Core/Src/system_stm32f4xx.o
 .debug_abbrev  0x000000000000092a       0x12 Core/Startup/startup_stm32f407vgtx.o
 .debug_abbrev  0x000000000000093c      0x1c7 Drivers/STM32F4xx_HAL_Driver/Src/stm32f4xx_hal.o
 .debug_abbrev  0x0000000000000b03      0x205 Drivers/STM32F4xx_HAL_Driver/Src/stm32f4xx_hal_adc.o
 .debug_abbrev  0x0000000000000d08      0x21c Drivers/STM32F4xx_HAL_Driver/Src/stm32f4xx_hal_adc_ex.o
 .debug_abbrev  0x0000000000000f24      0x2fa Drivers/STM32F4xx_HAL_Driver/Src/stm32f4xx_hal_cortex.o
 .debug_abbrev  0x000000000000121e      0x1e4 Drivers/STM32F4xx_HAL_Driver/Src/stm32f4xx_hal_dac.o
 .debug_abbrev  0x0000000000001402      0x229 Drivers/STM32F4xx_HAL_Driver/Src/stm32f4xx_hal_dma.o
 .debug_abbrev  0x000000000000162b      0x1c9 Drivers/STM32F4xx_HAL_Driver/Src/stm32f4xx_hal_gpio.o
 .debug_abbrev  0x00000000000017f4      0x255 Drivers/STM32F4xx_HAL_Driver/Src/stm32f4xx_hal_hcd.o
 .debug_abbrev  0x0000000000001a49      0x245 Drivers/STM32F4xx_HAL_Driver/Src/stm32f4xx_hal_rcc.o
 .debug_abbrev  0x0000000000001c8e      0x242 Drivers/STM32F4xx_HAL_Driver/Src/stm32f4xx_hal_uart.o
 .debug_abbrev  0x0000000000001ed0      0x26d Drivers/STM32F4xx_HAL_Driver/Src/stm32f4xx_ll_usb.o
 .debug_abbrev  0x000000000000213d      0x308 Middlewares/ST/STM32_USB_Host_Library/Class/CDC/Src/usbh_cdc.o
 .debug_abbrev  0x0000000000002445      0x362 Middlewares/ST/STM32_USB_Host_Library/Core/Src/usbh_core.o
 .debug_abbrev  0x00000000000027a7      0x31b Middlewares/ST/STM32_USB_Host_Library/Core/Src/usbh_ctlreq.o
 .debug_abbrev  0x0000000000002ac2      0x279 Middlewares/ST/STM32_USB_Host_Library/Core/Src/usbh_ioreq.o
 .debug_abbrev  0x0000000000002d3b      0x2b1 Middlewares/ST/STM32_USB_Host_Library/Core/Src/usbh_pipes.o
 .debug_abbrev  0x0000000000002fec      0x268 USB_HOST/App/usb_host.o
 .debug_abbrev  0x0000000000003254      0x349 USB_HOST/Target/usbh_conf.o
 .debug_abbrev  0x000000000000359d      0x104 USB_HOST/Target/usbh_platform.o

.debug_aranges  0x0000000000000000      0xfa0
 .debug_aranges
                0x0000000000000000       0x20 Core/Src/UART/uart.o
 .debug_aranges
                0x0000000000000020       0x68 Core/Src/main.o
 .debug_aranges
                0x0000000000000088       0x50 Core/Src/stm32f4xx_hal_msp.o
 .debug_aranges
                0x00000000000000d8       0x78 Core/Src/stm32f4xx_it.o
 .debug_aranges
                0x0000000000000150       0x20 Core/Src/sysmem.o
 .debug_aranges
                0x0000000000000170       0x28 Core/Src/system_stm32f4xx.o
 .debug_aranges
                0x0000000000000198       0x28 Core/Startup/startup_stm32f407vgtx.o
 .debug_aranges
                0x00000000000001c0       0xf0 Drivers/STM32F4xx_HAL_Driver/Src/stm32f4xx_hal.o
 .debug_aranges
                0x00000000000002b0       0xe8 Drivers/STM32F4xx_HAL_Driver/Src/stm32f4xx_hal_adc.o
 .debug_aranges
                0x0000000000000398       0x90 Drivers/STM32F4xx_HAL_Driver/Src/stm32f4xx_hal_adc_ex.o
 .debug_aranges
                0x0000000000000428      0x118 Drivers/STM32F4xx_HAL_Driver/Src/stm32f4xx_hal_cortex.o
 .debug_aranges
                0x0000000000000540       0xc0 Drivers/STM32F4xx_HAL_Driver/Src/stm32f4xx_hal_dac.o
 .debug_aranges
                0x0000000000000600       0x90 Drivers/STM32F4xx_HAL_Driver/Src/stm32f4xx_hal_dma.o
 .debug_aranges
                0x0000000000000690       0x58 Drivers/STM32F4xx_HAL_Driver/Src/stm32f4xx_hal_gpio.o
 .debug_aranges
                0x00000000000006e8       0xf8 Drivers/STM32F4xx_HAL_Driver/Src/stm32f4xx_hal_hcd.o
 .debug_aranges
                0x00000000000007e0       0x88 Drivers/STM32F4xx_HAL_Driver/Src/stm32f4xx_hal_rcc.o
 .debug_aranges
                0x0000000000000868      0x1d0 Drivers/STM32F4xx_HAL_Driver/Src/stm32f4xx_hal_uart.o
 .debug_aranges
                0x0000000000000a38      0x198 Drivers/STM32F4xx_HAL_Driver/Src/stm32f4xx_ll_usb.o
 .debug_aranges
                0x0000000000000bd0       0xa8 Middlewares/ST/STM32_USB_Host_Library/Class/CDC/Src/usbh_cdc.o
 .debug_aranges
                0x0000000000000c78       0xc0 Middlewares/ST/STM32_USB_Host_Library/Core/Src/usbh_core.o
 .debug_aranges
                0x0000000000000d38       0xa0 Middlewares/ST/STM32_USB_Host_Library/Core/Src/usbh_ctlreq.o
 .debug_aranges
                0x0000000000000dd8       0x60 Middlewares/ST/STM32_USB_Host_Library/Core/Src/usbh_ioreq.o
 .debug_aranges
                0x0000000000000e38       0x40 Middlewares/ST/STM32_USB_Host_Library/Core/Src/usbh_pipes.o
 .debug_aranges
                0x0000000000000e78       0x30 USB_HOST/App/usb_host.o
 .debug_aranges
                0x0000000000000ea8       0xd8 USB_HOST/Target/usbh_conf.o
 .debug_aranges
                0x0000000000000f80       0x20 USB_HOST/Target/usbh_platform.o

.debug_ranges   0x0000000000000000      0xe08
 .debug_ranges  0x0000000000000000       0x10 Core/Src/UART/uart.o
 .debug_ranges  0x0000000000000010       0x58 Core/Src/main.o
 .debug_ranges  0x0000000000000068       0x40 Core/Src/stm32f4xx_hal_msp.o
 .debug_ranges  0x00000000000000a8       0x68 Core/Src/stm32f4xx_it.o
 .debug_ranges  0x0000000000000110       0x10 Core/Src/sysmem.o
 .debug_ranges  0x0000000000000120       0x18 Core/Src/system_stm32f4xx.o
 .debug_ranges  0x0000000000000138       0x20 Core/Startup/startup_stm32f407vgtx.o
 .debug_ranges  0x0000000000000158       0xe0 Drivers/STM32F4xx_HAL_Driver/Src/stm32f4xx_hal.o
 .debug_ranges  0x0000000000000238       0xd8 Drivers/STM32F4xx_HAL_Driver/Src/stm32f4xx_hal_adc.o
 .debug_ranges  0x0000000000000310       0x80 Drivers/STM32F4xx_HAL_Driver/Src/stm32f4xx_hal_adc_ex.o
 .debug_ranges  0x0000000000000390      0x108 Drivers/STM32F4xx_HAL_Driver/Src/stm32f4xx_hal_cortex.o
 .debug_ranges  0x0000000000000498       0xb0 Drivers/STM32F4xx_HAL_Driver/Src/stm32f4xx_hal_dac.o
 .debug_ranges  0x0000000000000548       0x80 Drivers/STM32F4xx_HAL_Driver/Src/stm32f4xx_hal_dma.o
 .debug_ranges  0x00000000000005c8       0x48 Drivers/STM32F4xx_HAL_Driver/Src/stm32f4xx_hal_gpio.o
 .debug_ranges  0x0000000000000610       0xe8 Drivers/STM32F4xx_HAL_Driver/Src/stm32f4xx_hal_hcd.o
 .debug_ranges  0x00000000000006f8       0x78 Drivers/STM32F4xx_HAL_Driver/Src/stm32f4xx_hal_rcc.o
 .debug_ranges  0x0000000000000770      0x1c0 Drivers/STM32F4xx_HAL_Driver/Src/stm32f4xx_hal_uart.o
 .debug_ranges  0x0000000000000930      0x188 Drivers/STM32F4xx_HAL_Driver/Src/stm32f4xx_ll_usb.o
 .debug_ranges  0x0000000000000ab8       0x98 Middlewares/ST/STM32_USB_Host_Library/Class/CDC/Src/usbh_cdc.o
 .debug_ranges  0x0000000000000b50       0xb0 Middlewares/ST/STM32_USB_Host_Library/Core/Src/usbh_core.o
 .debug_ranges  0x0000000000000c00       0x90 Middlewares/ST/STM32_USB_Host_Library/Core/Src/usbh_ctlreq.o
 .debug_ranges  0x0000000000000c90       0x50 Middlewares/ST/STM32_USB_Host_Library/Core/Src/usbh_ioreq.o
 .debug_ranges  0x0000000000000ce0       0x30 Middlewares/ST/STM32_USB_Host_Library/Core/Src/usbh_pipes.o
 .debug_ranges  0x0000000000000d10       0x20 USB_HOST/App/usb_host.o
 .debug_ranges  0x0000000000000d30       0xc8 USB_HOST/Target/usbh_conf.o
 .debug_ranges  0x0000000000000df8       0x10 USB_HOST/Target/usbh_platform.o

.debug_macro    0x0000000000000000    0x23d07
 .debug_macro   0x0000000000000000      0x21e Core/Src/UART/uart.o
 .debug_macro   0x000000000000021e      0xa5a Core/Src/UART/uart.o
 .debug_macro   0x0000000000000c78      0x2a0 Core/Src/UART/uart.o
 .debug_macro   0x0000000000000f18       0x2e Core/Src/UART/uart.o
 .debug_macro   0x0000000000000f46       0x2f Core/Src/UART/uart.o
 .debug_macro   0x0000000000000f75       0x22 Core/Src/UART/uart.o
 .debug_macro   0x0000000000000f97       0x8e Core/Src/UART/uart.o
 .debug_macro   0x0000000000001025       0x51 Core/Src/UART/uart.o
 .debug_macro   0x0000000000001076       0xef Core/Src/UART/uart.o
 .debug_macro   0x0000000000001165       0x6a Core/Src/UART/uart.o
 .debug_macro   0x00000000000011cf      0x1df Core/Src/UART/uart.o
 .debug_macro   0x00000000000013ae       0x1c Core/Src/UART/uart.o
 .debug_macro   0x00000000000013ca       0x22 Core/Src/UART/uart.o
 .debug_macro   0x00000000000013ec       0xdf Core/Src/UART/uart.o
 .debug_macro   0x00000000000014cb     0x102d Core/Src/UART/uart.o
 .debug_macro   0x00000000000024f8      0x11f Core/Src/UART/uart.o
 .debug_macro   0x0000000000002617    0x15e3c Core/Src/UART/uart.o
 .debug_macro   0x0000000000018453       0x43 Core/Src/UART/uart.o
 .debug_macro   0x0000000000018496     0x3659 Core/Src/UART/uart.o
 .debug_macro   0x000000000001baef      0x174 Core/Src/UART/uart.o
 .debug_macro   0x000000000001bc63       0x5a Core/Src/UART/uart.o
 .debug_macro   0x000000000001bcbd      0x96b Core/Src/UART/uart.o
 .debug_macro   0x000000000001c628      0x9fe Core/Src/UART/uart.o
 .debug_macro   0x000000000001d026      0x117 Core/Src/UART/uart.o
 .debug_macro   0x000000000001d13d      0x13e Core/Src/UART/uart.o
 .debug_macro   0x000000000001d27b       0x27 Core/Src/UART/uart.o
 .debug_macro   0x000000000001d2a2      0x174 Core/Src/UART/uart.o
 .debug_macro   0x000000000001d416      0x287 Core/Src/UART/uart.o
 .debug_macro   0x000000000001d69d       0x5f Core/Src/UART/uart.o
 .debug_macro   0x000000000001d6fc      0x236 Core/Src/UART/uart.o
 .debug_macro   0x000000000001d932      0x391 Core/Src/UART/uart.o
 .debug_macro   0x000000000001dcc3      0x176 Core/Src/UART/uart.o
 .debug_macro   0x000000000001de39       0xf9 Core/Src/UART/uart.o
 .debug_macro   0x000000000001df32       0xea Core/Src/UART/uart.o
 .debug_macro   0x000000000001e01c       0xa0 Core/Src/UART/uart.o
 .debug_macro   0x000000000001e0bc       0x3c Core/Src/UART/uart.o
 .debug_macro   0x000000000001e0f8      0x12c Core/Src/UART/uart.o
 .debug_macro   0x000000000001e224      0x21e Core/Src/UART/uart.o
 .debug_macro   0x000000000001e442       0x2e Core/Src/UART/uart.o
 .debug_macro   0x000000000001e470      0x11a Core/Src/UART/uart.o
 .debug_macro   0x000000000001e58a       0x7e Core/Src/UART/uart.o
 .debug_macro   0x000000000001e608       0x89 Core/Src/UART/uart.o
 .debug_macro   0x000000000001e691      0x287 Core/Src/UART/uart.o
 .debug_macro   0x000000000001e918      0x21e Core/Src/UART/uart.o
 .debug_macro   0x000000000001eb36       0x68 Core/Src/UART/uart.o
 .debug_macro   0x000000000001eb9e      0x12d Core/Src/UART/uart.o
 .debug_macro   0x000000000001eccb      0x118 Core/Src/UART/uart.o
 .debug_macro   0x000000000001ede3      0x228 Core/Src/main.o
 .debug_macro   0x000000000001f00b      0x214 Core/Src/stm32f4xx_hal_msp.o
 .debug_macro   0x000000000001f21f      0x21e Core/Src/stm32f4xx_it.o
 .debug_macro   0x000000000001f43d       0xee Core/Src/sysmem.o
 .debug_macro   0x000000000001f52b      0x23b Core/Src/sysmem.o
 .debug_macro   0x000000000001f766      0x20b Core/Src/system_stm32f4xx.o
 .debug_macro   0x000000000001f971      0x265 Drivers/STM32F4xx_HAL_Driver/Src/stm32f4xx_hal.o
 .debug_macro   0x000000000001fbd6      0x206 Drivers/STM32F4xx_HAL_Driver/Src/stm32f4xx_hal_adc.o
 .debug_macro   0x000000000001fddc      0x205 Drivers/STM32F4xx_HAL_Driver/Src/stm32f4xx_hal_adc_ex.o
 .debug_macro   0x000000000001ffe1      0x205 Drivers/STM32F4xx_HAL_Driver/Src/stm32f4xx_hal_cortex.o
 .debug_macro   0x00000000000201e6      0x206 Drivers/STM32F4xx_HAL_Driver/Src/stm32f4xx_hal_dac.o
 .debug_macro   0x00000000000203ec      0x20b Drivers/STM32F4xx_HAL_Driver/Src/stm32f4xx_hal_dma.o
 .debug_macro   0x00000000000205f7      0x23b Drivers/STM32F4xx_HAL_Driver/Src/stm32f4xx_hal_gpio.o
 .debug_macro   0x0000000000020832      0x205 Drivers/STM32F4xx_HAL_Driver/Src/stm32f4xx_hal_hcd.o
 .debug_macro   0x0000000000020a37      0x229 Drivers/STM32F4xx_HAL_Driver/Src/stm32f4xx_hal_rcc.o
 .debug_macro   0x0000000000020c60      0x206 Drivers/STM32F4xx_HAL_Driver/Src/stm32f4xx_hal_uart.o
 .debug_macro   0x0000000000020e66      0x205 Drivers/STM32F4xx_HAL_Driver/Src/stm32f4xx_ll_usb.o
 .debug_macro   0x000000000002106b      0x42a Middlewares/ST/STM32_USB_Host_Library/Class/CDC/Src/usbh_cdc.o
 .debug_macro   0x0000000000021495       0x16 Middlewares/ST/STM32_USB_Host_Library/Class/CDC/Src/usbh_cdc.o
 .debug_macro   0x00000000000214ab       0x97 Middlewares/ST/STM32_USB_Host_Library/Class/CDC/Src/usbh_cdc.o
 .debug_macro   0x0000000000021542       0xfd Middlewares/ST/STM32_USB_Host_Library/Class/CDC/Src/usbh_cdc.o
 .debug_macro   0x000000000002163f       0x16 Middlewares/ST/STM32_USB_Host_Library/Class/CDC/Src/usbh_cdc.o
 .debug_macro   0x0000000000021655       0x20 Middlewares/ST/STM32_USB_Host_Library/Class/CDC/Src/usbh_cdc.o
 .debug_macro   0x0000000000021675       0xd9 Middlewares/ST/STM32_USB_Host_Library/Class/CDC/Src/usbh_cdc.o
 .debug_macro   0x000000000002174e       0x54 Middlewares/ST/STM32_USB_Host_Library/Class/CDC/Src/usbh_cdc.o
 .debug_macro   0x00000000000217a2       0x73 Middlewares/ST/STM32_USB_Host_Library/Class/CDC/Src/usbh_cdc.o
 .debug_macro   0x0000000000021815      0x218 Middlewares/ST/STM32_USB_Host_Library/Class/CDC/Src/usbh_cdc.o
 .debug_macro   0x0000000000021a2d       0x2e Middlewares/ST/STM32_USB_Host_Library/Class/CDC/Src/usbh_cdc.o
 .debug_macro   0x0000000000021a5b       0x2e Middlewares/ST/STM32_USB_Host_Library/Class/CDC/Src/usbh_cdc.o
 .debug_macro   0x0000000000021a89       0x28 Middlewares/ST/STM32_USB_Host_Library/Class/CDC/Src/usbh_cdc.o
 .debug_macro   0x0000000000021ab1      0x15c Middlewares/ST/STM32_USB_Host_Library/Class/CDC/Src/usbh_cdc.o
 .debug_macro   0x0000000000021c0d      0x427 Middlewares/ST/STM32_USB_Host_Library/Core/Src/usbh_core.o
 .debug_macro   0x0000000000022034      0x41f Middlewares/ST/STM32_USB_Host_Library/Core/Src/usbh_ctlreq.o
 .debug_macro   0x0000000000022453       0x28 Middlewares/ST/STM32_USB_Host_Library/Core/Src/usbh_ctlreq.o
 .debug_macro   0x000000000002247b      0x419 Middlewares/ST/STM32_USB_Host_Library/Core/Src/usbh_ioreq.o
 .debug_macro   0x0000000000022894      0x419 Middlewares/ST/STM32_USB_Host_Library/Core/Src/usbh_pipes.o
 .debug_macro   0x0000000000022cad      0x428 USB_HOST/App/usb_host.o
 .debug_macro   0x00000000000230d5       0x46 USB_HOST/App/usb_host.o
 .debug_macro   0x000000000002311b      0x32a USB_HOST/App/usb_host.o
 .debug_macro   0x0000000000023445      0x11e USB_HOST/App/usb_host.o
 .debug_macro   0x0000000000023563      0x162 USB_HOST/App/usb_host.o
 .debug_macro   0x00000000000236c5      0x429 USB_HOST/Target/usbh_conf.o
 .debug_macro   0x0000000000023aee      0x219 USB_HOST/Target/usbh_platform.o

.debug_line     0x0000000000000000     0xff00
 .debug_line    0x0000000000000000      0x74a Core/Src/UART/uart.o
 .debug_line    0x000000000000074a      0x869 Core/Src/main.o
 .debug_line    0x0000000000000fb3      0x7af Core/Src/stm32f4xx_hal_msp.o
 .debug_line    0x0000000000001762      0x7f9 Core/Src/stm32f4xx_it.o
 .debug_line    0x0000000000001f5b      0x4c7 Core/Src/sysmem.o
 .debug_line    0x0000000000002422      0x73a Core/Src/system_stm32f4xx.o
 .debug_line    0x0000000000002b5c       0x85 Core/Startup/startup_stm32f407vgtx.o
 .debug_line    0x0000000000002be1      0x924 Drivers/STM32F4xx_HAL_Driver/Src/stm32f4xx_hal.o
 .debug_line    0x0000000000003505      0xb89 Drivers/STM32F4xx_HAL_Driver/Src/stm32f4xx_hal_adc.o
 .debug_line    0x000000000000408e      0xa27 Drivers/STM32F4xx_HAL_Driver/Src/stm32f4xx_hal_adc_ex.o
 .debug_line    0x0000000000004ab5      0xa48 Drivers/STM32F4xx_HAL_Driver/Src/stm32f4xx_hal_cortex.o
 .debug_line    0x00000000000054fd      0x978 Drivers/STM32F4xx_HAL_Driver/Src/stm32f4xx_hal_dac.o
 .debug_line    0x0000000000005e75      0x9f2 Drivers/STM32F4xx_HAL_Driver/Src/stm32f4xx_hal_dma.o
 .debug_line    0x0000000000006867      0x903 Drivers/STM32F4xx_HAL_Driver/Src/stm32f4xx_hal_gpio.o
 .debug_line    0x000000000000716a      0xbbf Drivers/STM32F4xx_HAL_Driver/Src/stm32f4xx_hal_hcd.o
 .debug_line    0x0000000000007d29      0x97c Drivers/STM32F4xx_HAL_Driver/Src/stm32f4xx_hal_rcc.o
 .debug_line    0x00000000000086a5     0x1032 Drivers/STM32F4xx_HAL_Driver/Src/stm32f4xx_hal_uart.o
 .debug_line    0x00000000000096d7      0xe4f Drivers/STM32F4xx_HAL_Driver/Src/stm32f4xx_ll_usb.o
 .debug_line    0x000000000000a526      0xc99 Middlewares/ST/STM32_USB_Host_Library/Class/CDC/Src/usbh_cdc.o
 .debug_line    0x000000000000b1bf      0xdc4 Middlewares/ST/STM32_USB_Host_Library/Core/Src/usbh_core.o
 .debug_line    0x000000000000bf83      0xcab Middlewares/ST/STM32_USB_Host_Library/Core/Src/usbh_ctlreq.o
 .debug_line    0x000000000000cc2e      0xab1 Middlewares/ST/STM32_USB_Host_Library/Core/Src/usbh_ioreq.o
 .debug_line    0x000000000000d6df      0xa69 Middlewares/ST/STM32_USB_Host_Library/Core/Src/usbh_pipes.o
 .debug_line    0x000000000000e148      0xa6a USB_HOST/App/usb_host.o
 .debug_line    0x000000000000ebb2      0xc03 USB_HOST/Target/usbh_conf.o
 .debug_line    0x000000000000f7b5      0x74b USB_HOST/Target/usbh_platform.o

.debug_str      0x0000000000000000    0xcd98e
 .debug_str     0x0000000000000000    0xc2967 Core/Src/UART/uart.o
                                      0xc2bfd (size before relaxing)
 .debug_str     0x00000000000c2967      0xa16 Core/Src/main.o
                                      0xc369a (size before relaxing)
 .debug_str     0x00000000000c337d      0x565 Core/Src/stm32f4xx_hal_msp.o
                                      0xc3921 (size before relaxing)
 .debug_str     0x00000000000c38e2      0x44f Core/Src/stm32f4xx_it.o